Archive member included to satisfy reference by file (symbol)

c:/program files (x86)/atmel/studio/7.0/toolchain/avr8/avr8-gnu-toolchain/bin/../lib/gcc/avr/5.4.0/../../../../avr/lib/avr6\libm.a(addsf3.o)
                              lcd.o (__subsf3)
c:/program files (x86)/atmel/studio/7.0/toolchain/avr8/avr8-gnu-toolchain/bin/../lib/gcc/avr/5.4.0/../../../../avr/lib/avr6\libm.a(addsf3x.o)
                              c:/program files (x86)/atmel/studio/7.0/toolchain/avr8/avr8-gnu-toolchain/bin/../lib/gcc/avr/5.4.0/../../../../avr/lib/avr6\libm.a(addsf3.o) (__addsf3x)
c:/program files (x86)/atmel/studio/7.0/toolchain/avr8/avr8-gnu-toolchain/bin/../lib/gcc/avr/5.4.0/../../../../avr/lib/avr6\libm.a(divsf3.o)
                              Motor/MotorBack.o (__divsf3)
c:/program files (x86)/atmel/studio/7.0/toolchain/avr8/avr8-gnu-toolchain/bin/../lib/gcc/avr/5.4.0/../../../../avr/lib/avr6\libm.a(divsf3x.o)
                              c:/program files (x86)/atmel/studio/7.0/toolchain/avr8/avr8-gnu-toolchain/bin/../lib/gcc/avr/5.4.0/../../../../avr/lib/avr6\libm.a(divsf3.o) (__divsf3x)
c:/program files (x86)/atmel/studio/7.0/toolchain/avr8/avr8-gnu-toolchain/bin/../lib/gcc/avr/5.4.0/../../../../avr/lib/avr6\libm.a(fixsfsi.o)
                              lcd.o (__fixsfsi)
c:/program files (x86)/atmel/studio/7.0/toolchain/avr8/avr8-gnu-toolchain/bin/../lib/gcc/avr/5.4.0/../../../../avr/lib/avr6\libm.a(fixunssfsi.o)
                              Motor/MotorBack.o (__fixunssfsi)
c:/program files (x86)/atmel/studio/7.0/toolchain/avr8/avr8-gnu-toolchain/bin/../lib/gcc/avr/5.4.0/../../../../avr/lib/avr6\libm.a(floatsisf.o)
                              Motor/MotorBack.o (__floatunsisf)
c:/program files (x86)/atmel/studio/7.0/toolchain/avr8/avr8-gnu-toolchain/bin/../lib/gcc/avr/5.4.0/../../../../avr/lib/avr6\libm.a(fp_inf.o)
                              c:/program files (x86)/atmel/studio/7.0/toolchain/avr8/avr8-gnu-toolchain/bin/../lib/gcc/avr/5.4.0/../../../../avr/lib/avr6\libm.a(addsf3x.o) (__fp_inf)
c:/program files (x86)/atmel/studio/7.0/toolchain/avr8/avr8-gnu-toolchain/bin/../lib/gcc/avr/5.4.0/../../../../avr/lib/avr6\libm.a(fp_nan.o)
                              c:/program files (x86)/atmel/studio/7.0/toolchain/avr8/avr8-gnu-toolchain/bin/../lib/gcc/avr/5.4.0/../../../../avr/lib/avr6\libm.a(addsf3x.o) (__fp_nan)
c:/program files (x86)/atmel/studio/7.0/toolchain/avr8/avr8-gnu-toolchain/bin/../lib/gcc/avr/5.4.0/../../../../avr/lib/avr6\libm.a(fp_pscA.o)
                              c:/program files (x86)/atmel/studio/7.0/toolchain/avr8/avr8-gnu-toolchain/bin/../lib/gcc/avr/5.4.0/../../../../avr/lib/avr6\libm.a(addsf3x.o) (__fp_pscA)
c:/program files (x86)/atmel/studio/7.0/toolchain/avr8/avr8-gnu-toolchain/bin/../lib/gcc/avr/5.4.0/../../../../avr/lib/avr6\libm.a(fp_pscB.o)
                              c:/program files (x86)/atmel/studio/7.0/toolchain/avr8/avr8-gnu-toolchain/bin/../lib/gcc/avr/5.4.0/../../../../avr/lib/avr6\libm.a(addsf3x.o) (__fp_pscB)
c:/program files (x86)/atmel/studio/7.0/toolchain/avr8/avr8-gnu-toolchain/bin/../lib/gcc/avr/5.4.0/../../../../avr/lib/avr6\libm.a(fp_round.o)
                              c:/program files (x86)/atmel/studio/7.0/toolchain/avr8/avr8-gnu-toolchain/bin/../lib/gcc/avr/5.4.0/../../../../avr/lib/avr6\libm.a(addsf3.o) (__fp_round)
c:/program files (x86)/atmel/studio/7.0/toolchain/avr8/avr8-gnu-toolchain/bin/../lib/gcc/avr/5.4.0/../../../../avr/lib/avr6\libm.a(fp_split3.o)
                              c:/program files (x86)/atmel/studio/7.0/toolchain/avr8/avr8-gnu-toolchain/bin/../lib/gcc/avr/5.4.0/../../../../avr/lib/avr6\libm.a(addsf3x.o) (__fp_split3)
c:/program files (x86)/atmel/studio/7.0/toolchain/avr8/avr8-gnu-toolchain/bin/../lib/gcc/avr/5.4.0/../../../../avr/lib/avr6\libm.a(fp_zero.o)
                              c:/program files (x86)/atmel/studio/7.0/toolchain/avr8/avr8-gnu-toolchain/bin/../lib/gcc/avr/5.4.0/../../../../avr/lib/avr6\libm.a(addsf3x.o) (__fp_zero)
c:/program files (x86)/atmel/studio/7.0/toolchain/avr8/avr8-gnu-toolchain/bin/../lib/gcc/avr/5.4.0/../../../../avr/lib/avr6\libm.a(mulsf3.o)
                              lcd.o (__mulsf3)
c:/program files (x86)/atmel/studio/7.0/toolchain/avr8/avr8-gnu-toolchain/bin/../lib/gcc/avr/5.4.0/../../../../avr/lib/avr6\libm.a(mulsf3x.o)
                              c:/program files (x86)/atmel/studio/7.0/toolchain/avr8/avr8-gnu-toolchain/bin/../lib/gcc/avr/5.4.0/../../../../avr/lib/avr6\libm.a(mulsf3.o) (__mulsf3x)
c:/program files (x86)/atmel/studio/7.0/toolchain/avr8/avr8-gnu-toolchain/bin/../lib/gcc/avr/5.4.0/avr6\libgcc.a(_divmodhi4.o)
                              uart.o (__divmodhi4)
c:/program files (x86)/atmel/studio/7.0/toolchain/avr8/avr8-gnu-toolchain/bin/../lib/gcc/avr/5.4.0/avr6\libgcc.a(_exit.o)
                              C:/Program Files (x86)/Atmel/Studio/7.0/Packs/atmel/ATmega_DFP/1.2.132/gcc/dev/atmega2560/avr6/crtatmega2560.o (exit)
c:/program files (x86)/atmel/studio/7.0/toolchain/avr8/avr8-gnu-toolchain/bin/../lib/gcc/avr/5.4.0/avr6\libgcc.a(_tablejump2.o)
                              Motor/MotorBack.o (__tablejump2__)
c:/program files (x86)/atmel/studio/7.0/toolchain/avr8/avr8-gnu-toolchain/bin/../lib/gcc/avr/5.4.0/avr6\libgcc.a(_copy_data.o)
                              Definitions.o (__do_copy_data)
c:/program files (x86)/atmel/studio/7.0/toolchain/avr8/avr8-gnu-toolchain/bin/../lib/gcc/avr/5.4.0/avr6\libgcc.a(_clear_bss.o)
                              main.o (__do_clear_bss)
c:/program files (x86)/atmel/studio/7.0/toolchain/avr8/avr8-gnu-toolchain/bin/../lib/gcc/avr/5.4.0/avr6\libgcc.a(_ctors.o)
                              main.o (__do_global_ctors)
c:/program files (x86)/atmel/studio/7.0/toolchain/avr8/avr8-gnu-toolchain/bin/../lib/gcc/avr/5.4.0/avr6\libgcc.a(_dtors.o)
                              main.o (__do_global_dtors)
c:/program files (x86)/atmel/studio/7.0/toolchain/avr8/avr8-gnu-toolchain/bin/../lib/gcc/avr/5.4.0/avr6\libgcc.a(_udivmodhi4.o)
                              c:/program files (x86)/atmel/studio/7.0/toolchain/avr8/avr8-gnu-toolchain/bin/../lib/gcc/avr/5.4.0/avr6\libgcc.a(_divmodhi4.o) (__udivmodhi4)
c:/program files (x86)/atmel/studio/7.0/toolchain/avr8/avr8-gnu-toolchain/bin/../lib/gcc/avr/5.4.0/../../../../avr/lib/avr6\libc.a(itoa.o)
                              lcd.o (__itoa)
c:/program files (x86)/atmel/studio/7.0/toolchain/avr8/avr8-gnu-toolchain/bin/../lib/gcc/avr/5.4.0/../../../../avr/lib/avr6\libc.a(itoa_ncheck.o)
                              uart.o (__itoa_ncheck)
c:/program files (x86)/atmel/studio/7.0/toolchain/avr8/avr8-gnu-toolchain/bin/../lib/gcc/avr/5.4.0/../../../../avr/lib/avr6\libc.a(utoa_ncheck.o)
                              c:/program files (x86)/atmel/studio/7.0/toolchain/avr8/avr8-gnu-toolchain/bin/../lib/gcc/avr/5.4.0/../../../../avr/lib/avr6\libc.a(itoa_ncheck.o) (__utoa_common)
c:/program files (x86)/atmel/studio/7.0/toolchain/avr8/avr8-gnu-toolchain/bin/../lib/gcc/avr/5.4.0/../../../../avr/lib/avr6\libc.a(strrev.o)
                              c:/program files (x86)/atmel/studio/7.0/toolchain/avr8/avr8-gnu-toolchain/bin/../lib/gcc/avr/5.4.0/../../../../avr/lib/avr6\libc.a(utoa_ncheck.o) (strrev)

Discarded input sections

 .data          0x00000000        0x0 C:/Program Files (x86)/Atmel/Studio/7.0/Packs/atmel/ATmega_DFP/1.2.132/gcc/dev/atmega2560/avr6/crtatmega2560.o
 .bss           0x00000000        0x0 C:/Program Files (x86)/Atmel/Studio/7.0/Packs/atmel/ATmega_DFP/1.2.132/gcc/dev/atmega2560/avr6/crtatmega2560.o
 .text          0x00000000        0x0 Definitions.o
 .data          0x00000000        0x0 Definitions.o
 .bss           0x00000000        0x0 Definitions.o
 .text._Z3Absi  0x00000000        0xc Definitions.o
 .text          0x00000000        0x0 lcd.o
 .data          0x00000000        0x0 lcd.o
 .bss           0x00000000        0x0 lcd.o
 .text._Z7lcd_cmdh
                0x00000000        0x8 lcd.o
 .text._Z7lcd_dath
                0x00000000        0x8 lcd.o
 .text._Z8lcd_putsPKc
                0x00000000       0x20 lcd.o
 .text._Z10lcd_puts_pPKc
                0x00000000       0x26 lcd.o
 .text._Z12lcd_unum_hexj
                0x00000000       0x5e lcd.o
 .text._Z22lcd_unum_hex_wBlankingj
                0x00000000       0x5e lcd.o
 .text._Z9lcd_unum3h
                0x00000000       0x5e lcd.o
 .text._Z7lcd_numii
                0x00000000       0x32 lcd.o
 .text._Z6PrintfPcz
                0x00000000      0x1c2 lcd.o
 .progmem.data._ZL14chex_wBlanking
                0x00000000       0x10 lcd.o
 .text          0x00000000        0x0 Magazine/EncoderBack.o
 .data          0x00000000        0x0 Magazine/EncoderBack.o
 .bss           0x00000000        0x0 Magazine/EncoderBack.o
 .text          0x00000000        0x0 Magazine/EncoderFront.o
 .data          0x00000000        0x0 Magazine/EncoderFront.o
 .bss           0x00000000        0x0 Magazine/EncoderFront.o
 .text          0x00000000        0x0 Magazine/MzMotorBack.o
 .data          0x00000000        0x0 Magazine/MzMotorBack.o
 .bss           0x00000000        0x0 Magazine/MzMotorBack.o
 .text          0x00000000        0x0 Magazine/MzMotorFront.o
 .data          0x00000000        0x0 Magazine/MzMotorFront.o
 .bss           0x00000000        0x0 Magazine/MzMotorFront.o
 .text          0x00000000        0x0 main.o
 .data          0x00000000        0x0 main.o
 .bss           0x00000000        0x0 main.o
 .bss.RPM       0x00000000        0x4 main.o
 .text          0x00000000        0x0 Motor/MotorBack.o
 .data          0x00000000        0x0 Motor/MotorBack.o
 .bss           0x00000000        0x0 Motor/MotorBack.o
 .text._ZN9MotorBack19SetReverseDirectionEv
                0x00000000       0x12 Motor/MotorBack.o
 .text._ZN9MotorBack13IncreaseSpeedEv
                0x00000000       0x10 Motor/MotorBack.o
 .text._ZN9MotorBack13DecreaseSpeedEv
                0x00000000       0x10 Motor/MotorBack.o
 .text._ZN9MotorBack12ClearCounterEv
                0x00000000        0xa Motor/MotorBack.o
 .text          0x00000000        0x0 Motor/MotorFront.o
 .data          0x00000000        0x0 Motor/MotorFront.o
 .bss           0x00000000        0x0 Motor/MotorFront.o
 .text._ZN10MotorFront19SetReverseDirectionEv
                0x00000000       0x12 Motor/MotorFront.o
 .text._ZN10MotorFront13IncreaseSpeedEv
                0x00000000       0x10 Motor/MotorFront.o
 .text._ZN10MotorFront13DecreaseSpeedEv
                0x00000000       0x10 Motor/MotorFront.o
 .text._ZN10MotorFront12ClearCounterEv
                0x00000000        0xa Motor/MotorFront.o
 .rodata.str1.1
                0x00000000        0xb Motor/MotorFront.o
 .text._ZN10MotorFront7OperateERhS0_
                0x00000000      0x3b0 Motor/MotorFront.o
 .progmem.gcc_sw_table._ZN10MotorFront7OperateERhS0_
                0x00000000       0x4e Motor/MotorFront.o
 .text          0x00000000        0x0 Motor/MotorSide.o
 .data          0x00000000        0x0 Motor/MotorSide.o
 .bss           0x00000000        0x0 Motor/MotorSide.o
 .text._ZN9MotorSide19SetReverseDirectionEv
                0x00000000       0x12 Motor/MotorSide.o
 .text._ZN9MotorSide13IncreaseSpeedEv
                0x00000000       0x10 Motor/MotorSide.o
 .text._ZN9MotorSide13DecreaseSpeedEv
                0x00000000       0x10 Motor/MotorSide.o
 .text._ZN9MotorSide12ClearCounterEv
                0x00000000        0xa Motor/MotorSide.o
 .text          0x00000000        0x0 Motor/TMotor.o
 .data          0x00000000        0x0 Motor/TMotor.o
 .bss           0x00000000        0x0 Motor/TMotor.o
 .rodata.str1.1
                0x00000000       0x12 Motor/TMotor.o
 .text._ZN6TMotor9DoNothingEv
                0x00000000       0x12 Motor/TMotor.o
 .text          0x00000000        0x0 PID.o
 .data          0x00000000        0x0 PID.o
 .bss           0x00000000        0x0 PID.o
 .text._ZN3PID6Get_KpEv
                0x00000000        0xc PID.o
 .text._ZN3PID6Get_KiEv
                0x00000000        0xc PID.o
 .text._ZN3PID6Get_KdEv
                0x00000000        0xc PID.o
 .text._ZN3PID12Get_SetpointEv
                0x00000000        0x8 PID.o
 .text          0x00000000        0x0 uart.o
 .data          0x00000000        0x0 uart.o
 .bss           0x00000000        0x0 uart.o
 .text._Z12uart0_puts_pPKc
                0x00000000       0x24 uart.o
 .text._Z11uart0_flushv
                0x00000000        0xa uart.o
 .text._Z10uart2_initj
                0x00000000       0x32 uart.o
 .text._Z10uart2_getcv
                0x00000000       0x36 uart.o
 .text._Z10uart2_putch
                0x00000000       0x2a uart.o
 .text._Z12uart2_putinti
                0x00000000       0x54 uart.o
 .text._Z10uart2_putsPKc
                0x00000000       0x1e uart.o
 .text._Z12uart2_puts_pPKc
                0x00000000       0x24 uart.o
 .text._Z15uart2_availablev
                0x00000000       0x1a uart.o
 .text._Z11uart2_flushv
                0x00000000        0xa uart.o
 .text._Z10uart3_putch
                0x00000000       0x2a uart.o
 .text._Z12uart3_putinti
                0x00000000       0x54 uart.o
 .text._Z10uart3_putsPKc
                0x00000000       0x1e uart.o
 .text._Z12uart3_puts_pPKc
                0x00000000       0x24 uart.o
 .text._Z11uart3_flushv
                0x00000000        0xa uart.o
 .text          0x00000000        0x0 c:/program files (x86)/atmel/studio/7.0/toolchain/avr8/avr8-gnu-toolchain/bin/../lib/gcc/avr/5.4.0/../../../../avr/lib/avr6\libm.a(addsf3.o)
 .data          0x00000000        0x0 c:/program files (x86)/atmel/studio/7.0/toolchain/avr8/avr8-gnu-toolchain/bin/../lib/gcc/avr/5.4.0/../../../../avr/lib/avr6\libm.a(addsf3.o)
 .bss           0x00000000        0x0 c:/program files (x86)/atmel/studio/7.0/toolchain/avr8/avr8-gnu-toolchain/bin/../lib/gcc/avr/5.4.0/../../../../avr/lib/avr6\libm.a(addsf3.o)
 .text          0x00000000        0x0 c:/program files (x86)/atmel/studio/7.0/toolchain/avr8/avr8-gnu-toolchain/bin/../lib/gcc/avr/5.4.0/../../../../avr/lib/avr6\libm.a(addsf3x.o)
 .data          0x00000000        0x0 c:/program files (x86)/atmel/studio/7.0/toolchain/avr8/avr8-gnu-toolchain/bin/../lib/gcc/avr/5.4.0/../../../../avr/lib/avr6\libm.a(addsf3x.o)
 .bss           0x00000000        0x0 c:/program files (x86)/atmel/studio/7.0/toolchain/avr8/avr8-gnu-toolchain/bin/../lib/gcc/avr/5.4.0/../../../../avr/lib/avr6\libm.a(addsf3x.o)
 .text          0x00000000        0x0 c:/program files (x86)/atmel/studio/7.0/toolchain/avr8/avr8-gnu-toolchain/bin/../lib/gcc/avr/5.4.0/../../../../avr/lib/avr6\libm.a(divsf3.o)
 .data          0x00000000        0x0 c:/program files (x86)/atmel/studio/7.0/toolchain/avr8/avr8-gnu-toolchain/bin/../lib/gcc/avr/5.4.0/../../../../avr/lib/avr6\libm.a(divsf3.o)
 .bss           0x00000000        0x0 c:/program files (x86)/atmel/studio/7.0/toolchain/avr8/avr8-gnu-toolchain/bin/../lib/gcc/avr/5.4.0/../../../../avr/lib/avr6\libm.a(divsf3.o)
 .text          0x00000000        0x0 c:/program files (x86)/atmel/studio/7.0/toolchain/avr8/avr8-gnu-toolchain/bin/../lib/gcc/avr/5.4.0/../../../../avr/lib/avr6\libm.a(divsf3x.o)
 .data          0x00000000        0x0 c:/program files (x86)/atmel/studio/7.0/toolchain/avr8/avr8-gnu-toolchain/bin/../lib/gcc/avr/5.4.0/../../../../avr/lib/avr6\libm.a(divsf3x.o)
 .bss           0x00000000        0x0 c:/program files (x86)/atmel/studio/7.0/toolchain/avr8/avr8-gnu-toolchain/bin/../lib/gcc/avr/5.4.0/../../../../avr/lib/avr6\libm.a(divsf3x.o)
 .text          0x00000000        0x0 c:/program files (x86)/atmel/studio/7.0/toolchain/avr8/avr8-gnu-toolchain/bin/../lib/gcc/avr/5.4.0/../../../../avr/lib/avr6\libm.a(fixsfsi.o)
 .data          0x00000000        0x0 c:/program files (x86)/atmel/studio/7.0/toolchain/avr8/avr8-gnu-toolchain/bin/../lib/gcc/avr/5.4.0/../../../../avr/lib/avr6\libm.a(fixsfsi.o)
 .bss           0x00000000        0x0 c:/program files (x86)/atmel/studio/7.0/toolchain/avr8/avr8-gnu-toolchain/bin/../lib/gcc/avr/5.4.0/../../../../avr/lib/avr6\libm.a(fixsfsi.o)
 .text          0x00000000        0x0 c:/program files (x86)/atmel/studio/7.0/toolchain/avr8/avr8-gnu-toolchain/bin/../lib/gcc/avr/5.4.0/../../../../avr/lib/avr6\libm.a(fixunssfsi.o)
 .data          0x00000000        0x0 c:/program files (x86)/atmel/studio/7.0/toolchain/avr8/avr8-gnu-toolchain/bin/../lib/gcc/avr/5.4.0/../../../../avr/lib/avr6\libm.a(fixunssfsi.o)
 .bss           0x00000000        0x0 c:/program files (x86)/atmel/studio/7.0/toolchain/avr8/avr8-gnu-toolchain/bin/../lib/gcc/avr/5.4.0/../../../../avr/lib/avr6\libm.a(fixunssfsi.o)
 .text          0x00000000        0x0 c:/program files (x86)/atmel/studio/7.0/toolchain/avr8/avr8-gnu-toolchain/bin/../lib/gcc/avr/5.4.0/../../../../avr/lib/avr6\libm.a(floatsisf.o)
 .data          0x00000000        0x0 c:/program files (x86)/atmel/studio/7.0/toolchain/avr8/avr8-gnu-toolchain/bin/../lib/gcc/avr/5.4.0/../../../../avr/lib/avr6\libm.a(floatsisf.o)
 .bss           0x00000000        0x0 c:/program files (x86)/atmel/studio/7.0/toolchain/avr8/avr8-gnu-toolchain/bin/../lib/gcc/avr/5.4.0/../../../../avr/lib/avr6\libm.a(floatsisf.o)
 .text          0x00000000        0x0 c:/program files (x86)/atmel/studio/7.0/toolchain/avr8/avr8-gnu-toolchain/bin/../lib/gcc/avr/5.4.0/../../../../avr/lib/avr6\libm.a(fp_inf.o)
 .data          0x00000000        0x0 c:/program files (x86)/atmel/studio/7.0/toolchain/avr8/avr8-gnu-toolchain/bin/../lib/gcc/avr/5.4.0/../../../../avr/lib/avr6\libm.a(fp_inf.o)
 .bss           0x00000000        0x0 c:/program files (x86)/atmel/studio/7.0/toolchain/avr8/avr8-gnu-toolchain/bin/../lib/gcc/avr/5.4.0/../../../../avr/lib/avr6\libm.a(fp_inf.o)
 .text          0x00000000        0x0 c:/program files (x86)/atmel/studio/7.0/toolchain/avr8/avr8-gnu-toolchain/bin/../lib/gcc/avr/5.4.0/../../../../avr/lib/avr6\libm.a(fp_nan.o)
 .data          0x00000000        0x0 c:/program files (x86)/atmel/studio/7.0/toolchain/avr8/avr8-gnu-toolchain/bin/../lib/gcc/avr/5.4.0/../../../../avr/lib/avr6\libm.a(fp_nan.o)
 .bss           0x00000000        0x0 c:/program files (x86)/atmel/studio/7.0/toolchain/avr8/avr8-gnu-toolchain/bin/../lib/gcc/avr/5.4.0/../../../../avr/lib/avr6\libm.a(fp_nan.o)
 .text          0x00000000        0x0 c:/program files (x86)/atmel/studio/7.0/toolchain/avr8/avr8-gnu-toolchain/bin/../lib/gcc/avr/5.4.0/../../../../avr/lib/avr6\libm.a(fp_pscA.o)
 .data          0x00000000        0x0 c:/program files (x86)/atmel/studio/7.0/toolchain/avr8/avr8-gnu-toolchain/bin/../lib/gcc/avr/5.4.0/../../../../avr/lib/avr6\libm.a(fp_pscA.o)
 .bss           0x00000000        0x0 c:/program files (x86)/atmel/studio/7.0/toolchain/avr8/avr8-gnu-toolchain/bin/../lib/gcc/avr/5.4.0/../../../../avr/lib/avr6\libm.a(fp_pscA.o)
 .text          0x00000000        0x0 c:/program files (x86)/atmel/studio/7.0/toolchain/avr8/avr8-gnu-toolchain/bin/../lib/gcc/avr/5.4.0/../../../../avr/lib/avr6\libm.a(fp_pscB.o)
 .data          0x00000000        0x0 c:/program files (x86)/atmel/studio/7.0/toolchain/avr8/avr8-gnu-toolchain/bin/../lib/gcc/avr/5.4.0/../../../../avr/lib/avr6\libm.a(fp_pscB.o)
 .bss           0x00000000        0x0 c:/program files (x86)/atmel/studio/7.0/toolchain/avr8/avr8-gnu-toolchain/bin/../lib/gcc/avr/5.4.0/../../../../avr/lib/avr6\libm.a(fp_pscB.o)
 .text          0x00000000        0x0 c:/program files (x86)/atmel/studio/7.0/toolchain/avr8/avr8-gnu-toolchain/bin/../lib/gcc/avr/5.4.0/../../../../avr/lib/avr6\libm.a(fp_round.o)
 .data          0x00000000        0x0 c:/program files (x86)/atmel/studio/7.0/toolchain/avr8/avr8-gnu-toolchain/bin/../lib/gcc/avr/5.4.0/../../../../avr/lib/avr6\libm.a(fp_round.o)
 .bss           0x00000000        0x0 c:/program files (x86)/atmel/studio/7.0/toolchain/avr8/avr8-gnu-toolchain/bin/../lib/gcc/avr/5.4.0/../../../../avr/lib/avr6\libm.a(fp_round.o)
 .text          0x00000000        0x0 c:/program files (x86)/atmel/studio/7.0/toolchain/avr8/avr8-gnu-toolchain/bin/../lib/gcc/avr/5.4.0/../../../../avr/lib/avr6\libm.a(fp_split3.o)
 .data          0x00000000        0x0 c:/program files (x86)/atmel/studio/7.0/toolchain/avr8/avr8-gnu-toolchain/bin/../lib/gcc/avr/5.4.0/../../../../avr/lib/avr6\libm.a(fp_split3.o)
 .bss           0x00000000        0x0 c:/program files (x86)/atmel/studio/7.0/toolchain/avr8/avr8-gnu-toolchain/bin/../lib/gcc/avr/5.4.0/../../../../avr/lib/avr6\libm.a(fp_split3.o)
 .text          0x00000000        0x0 c:/program files (x86)/atmel/studio/7.0/toolchain/avr8/avr8-gnu-toolchain/bin/../lib/gcc/avr/5.4.0/../../../../avr/lib/avr6\libm.a(fp_zero.o)
 .data          0x00000000        0x0 c:/program files (x86)/atmel/studio/7.0/toolchain/avr8/avr8-gnu-toolchain/bin/../lib/gcc/avr/5.4.0/../../../../avr/lib/avr6\libm.a(fp_zero.o)
 .bss           0x00000000        0x0 c:/program files (x86)/atmel/studio/7.0/toolchain/avr8/avr8-gnu-toolchain/bin/../lib/gcc/avr/5.4.0/../../../../avr/lib/avr6\libm.a(fp_zero.o)
 .text          0x00000000        0x0 c:/program files (x86)/atmel/studio/7.0/toolchain/avr8/avr8-gnu-toolchain/bin/../lib/gcc/avr/5.4.0/../../../../avr/lib/avr6\libm.a(mulsf3.o)
 .data          0x00000000        0x0 c:/program files (x86)/atmel/studio/7.0/toolchain/avr8/avr8-gnu-toolchain/bin/../lib/gcc/avr/5.4.0/../../../../avr/lib/avr6\libm.a(mulsf3.o)
 .bss           0x00000000        0x0 c:/program files (x86)/atmel/studio/7.0/toolchain/avr8/avr8-gnu-toolchain/bin/../lib/gcc/avr/5.4.0/../../../../avr/lib/avr6\libm.a(mulsf3.o)
 .text          0x00000000        0x0 c:/program files (x86)/atmel/studio/7.0/toolchain/avr8/avr8-gnu-toolchain/bin/../lib/gcc/avr/5.4.0/../../../../avr/lib/avr6\libm.a(mulsf3x.o)
 .data          0x00000000        0x0 c:/program files (x86)/atmel/studio/7.0/toolchain/avr8/avr8-gnu-toolchain/bin/../lib/gcc/avr/5.4.0/../../../../avr/lib/avr6\libm.a(mulsf3x.o)
 .bss           0x00000000        0x0 c:/program files (x86)/atmel/studio/7.0/toolchain/avr8/avr8-gnu-toolchain/bin/../lib/gcc/avr/5.4.0/../../../../avr/lib/avr6\libm.a(mulsf3x.o)
 .text          0x00000000        0x0 c:/program files (x86)/atmel/studio/7.0/toolchain/avr8/avr8-gnu-toolchain/bin/../lib/gcc/avr/5.4.0/avr6\libgcc.a(_divmodhi4.o)
 .data          0x00000000        0x0 c:/program files (x86)/atmel/studio/7.0/toolchain/avr8/avr8-gnu-toolchain/bin/../lib/gcc/avr/5.4.0/avr6\libgcc.a(_divmodhi4.o)
 .bss           0x00000000        0x0 c:/program files (x86)/atmel/studio/7.0/toolchain/avr8/avr8-gnu-toolchain/bin/../lib/gcc/avr/5.4.0/avr6\libgcc.a(_divmodhi4.o)
 .text.libgcc.mul
                0x00000000        0x0 c:/program files (x86)/atmel/studio/7.0/toolchain/avr8/avr8-gnu-toolchain/bin/../lib/gcc/avr/5.4.0/avr6\libgcc.a(_divmodhi4.o)
 .text.libgcc   0x00000000        0x0 c:/program files (x86)/atmel/studio/7.0/toolchain/avr8/avr8-gnu-toolchain/bin/../lib/gcc/avr/5.4.0/avr6\libgcc.a(_divmodhi4.o)
 .text.libgcc.prologue
                0x00000000        0x0 c:/program files (x86)/atmel/studio/7.0/toolchain/avr8/avr8-gnu-toolchain/bin/../lib/gcc/avr/5.4.0/avr6\libgcc.a(_divmodhi4.o)
 .text.libgcc.builtins
                0x00000000        0x0 c:/program files (x86)/atmel/studio/7.0/toolchain/avr8/avr8-gnu-toolchain/bin/../lib/gcc/avr/5.4.0/avr6\libgcc.a(_divmodhi4.o)
 .text.libgcc.fmul
                0x00000000        0x0 c:/program files (x86)/atmel/studio/7.0/toolchain/avr8/avr8-gnu-toolchain/bin/../lib/gcc/avr/5.4.0/avr6\libgcc.a(_divmodhi4.o)
 .text.libgcc.fixed
                0x00000000        0x0 c:/program files (x86)/atmel/studio/7.0/toolchain/avr8/avr8-gnu-toolchain/bin/../lib/gcc/avr/5.4.0/avr6\libgcc.a(_divmodhi4.o)
 .text          0x00000000        0x0 c:/program files (x86)/atmel/studio/7.0/toolchain/avr8/avr8-gnu-toolchain/bin/../lib/gcc/avr/5.4.0/avr6\libgcc.a(_exit.o)
 .data          0x00000000        0x0 c:/program files (x86)/atmel/studio/7.0/toolchain/avr8/avr8-gnu-toolchain/bin/../lib/gcc/avr/5.4.0/avr6\libgcc.a(_exit.o)
 .bss           0x00000000        0x0 c:/program files (x86)/atmel/studio/7.0/toolchain/avr8/avr8-gnu-toolchain/bin/../lib/gcc/avr/5.4.0/avr6\libgcc.a(_exit.o)
 .text.libgcc.mul
                0x00000000        0x0 c:/program files (x86)/atmel/studio/7.0/toolchain/avr8/avr8-gnu-toolchain/bin/../lib/gcc/avr/5.4.0/avr6\libgcc.a(_exit.o)
 .text.libgcc.div
                0x00000000        0x0 c:/program files (x86)/atmel/studio/7.0/toolchain/avr8/avr8-gnu-toolchain/bin/../lib/gcc/avr/5.4.0/avr6\libgcc.a(_exit.o)
 .text.libgcc   0x00000000        0x0 c:/program files (x86)/atmel/studio/7.0/toolchain/avr8/avr8-gnu-toolchain/bin/../lib/gcc/avr/5.4.0/avr6\libgcc.a(_exit.o)
 .text.libgcc.prologue
                0x00000000        0x0 c:/program files (x86)/atmel/studio/7.0/toolchain/avr8/avr8-gnu-toolchain/bin/../lib/gcc/avr/5.4.0/avr6\libgcc.a(_exit.o)
 .text.libgcc.builtins
                0x00000000        0x0 c:/program files (x86)/atmel/studio/7.0/toolchain/avr8/avr8-gnu-toolchain/bin/../lib/gcc/avr/5.4.0/avr6\libgcc.a(_exit.o)
 .text.libgcc.fmul
                0x00000000        0x0 c:/program files (x86)/atmel/studio/7.0/toolchain/avr8/avr8-gnu-toolchain/bin/../lib/gcc/avr/5.4.0/avr6\libgcc.a(_exit.o)
 .text.libgcc.fixed
                0x00000000        0x0 c:/program files (x86)/atmel/studio/7.0/toolchain/avr8/avr8-gnu-toolchain/bin/../lib/gcc/avr/5.4.0/avr6\libgcc.a(_exit.o)
 .text          0x00000000        0x0 c:/program files (x86)/atmel/studio/7.0/toolchain/avr8/avr8-gnu-toolchain/bin/../lib/gcc/avr/5.4.0/avr6\libgcc.a(_tablejump2.o)
 .data          0x00000000        0x0 c:/program files (x86)/atmel/studio/7.0/toolchain/avr8/avr8-gnu-toolchain/bin/../lib/gcc/avr/5.4.0/avr6\libgcc.a(_tablejump2.o)
 .bss           0x00000000        0x0 c:/program files (x86)/atmel/studio/7.0/toolchain/avr8/avr8-gnu-toolchain/bin/../lib/gcc/avr/5.4.0/avr6\libgcc.a(_tablejump2.o)
 .text.libgcc.mul
                0x00000000        0x0 c:/program files (x86)/atmel/studio/7.0/toolchain/avr8/avr8-gnu-toolchain/bin/../lib/gcc/avr/5.4.0/avr6\libgcc.a(_tablejump2.o)
 .text.libgcc.div
                0x00000000        0x0 c:/program files (x86)/atmel/studio/7.0/toolchain/avr8/avr8-gnu-toolchain/bin/../lib/gcc/avr/5.4.0/avr6\libgcc.a(_tablejump2.o)
 .text.libgcc.prologue
                0x00000000        0x0 c:/program files (x86)/atmel/studio/7.0/toolchain/avr8/avr8-gnu-toolchain/bin/../lib/gcc/avr/5.4.0/avr6\libgcc.a(_tablejump2.o)
 .text.libgcc.builtins
                0x00000000        0x0 c:/program files (x86)/atmel/studio/7.0/toolchain/avr8/avr8-gnu-toolchain/bin/../lib/gcc/avr/5.4.0/avr6\libgcc.a(_tablejump2.o)
 .text.libgcc.fmul
                0x00000000        0x0 c:/program files (x86)/atmel/studio/7.0/toolchain/avr8/avr8-gnu-toolchain/bin/../lib/gcc/avr/5.4.0/avr6\libgcc.a(_tablejump2.o)
 .text.libgcc.fixed
                0x00000000        0x0 c:/program files (x86)/atmel/studio/7.0/toolchain/avr8/avr8-gnu-toolchain/bin/../lib/gcc/avr/5.4.0/avr6\libgcc.a(_tablejump2.o)
 .text          0x00000000        0x0 c:/program files (x86)/atmel/studio/7.0/toolchain/avr8/avr8-gnu-toolchain/bin/../lib/gcc/avr/5.4.0/avr6\libgcc.a(_copy_data.o)
 .data          0x00000000        0x0 c:/program files (x86)/atmel/studio/7.0/toolchain/avr8/avr8-gnu-toolchain/bin/../lib/gcc/avr/5.4.0/avr6\libgcc.a(_copy_data.o)
 .bss           0x00000000        0x0 c:/program files (x86)/atmel/studio/7.0/toolchain/avr8/avr8-gnu-toolchain/bin/../lib/gcc/avr/5.4.0/avr6\libgcc.a(_copy_data.o)
 .text.libgcc.mul
                0x00000000        0x0 c:/program files (x86)/atmel/studio/7.0/toolchain/avr8/avr8-gnu-toolchain/bin/../lib/gcc/avr/5.4.0/avr6\libgcc.a(_copy_data.o)
 .text.libgcc.div
                0x00000000        0x0 c:/program files (x86)/atmel/studio/7.0/toolchain/avr8/avr8-gnu-toolchain/bin/../lib/gcc/avr/5.4.0/avr6\libgcc.a(_copy_data.o)
 .text.libgcc   0x00000000        0x0 c:/program files (x86)/atmel/studio/7.0/toolchain/avr8/avr8-gnu-toolchain/bin/../lib/gcc/avr/5.4.0/avr6\libgcc.a(_copy_data.o)
 .text.libgcc.prologue
                0x00000000        0x0 c:/program files (x86)/atmel/studio/7.0/toolchain/avr8/avr8-gnu-toolchain/bin/../lib/gcc/avr/5.4.0/avr6\libgcc.a(_copy_data.o)
 .text.libgcc.builtins
                0x00000000        0x0 c:/program files (x86)/atmel/studio/7.0/toolchain/avr8/avr8-gnu-toolchain/bin/../lib/gcc/avr/5.4.0/avr6\libgcc.a(_copy_data.o)
 .text.libgcc.fmul
                0x00000000        0x0 c:/program files (x86)/atmel/studio/7.0/toolchain/avr8/avr8-gnu-toolchain/bin/../lib/gcc/avr/5.4.0/avr6\libgcc.a(_copy_data.o)
 .text.libgcc.fixed
                0x00000000        0x0 c:/program files (x86)/atmel/studio/7.0/toolchain/avr8/avr8-gnu-toolchain/bin/../lib/gcc/avr/5.4.0/avr6\libgcc.a(_copy_data.o)
 .text          0x00000000        0x0 c:/program files (x86)/atmel/studio/7.0/toolchain/avr8/avr8-gnu-toolchain/bin/../lib/gcc/avr/5.4.0/avr6\libgcc.a(_clear_bss.o)
 .data          0x00000000        0x0 c:/program files (x86)/atmel/studio/7.0/toolchain/avr8/avr8-gnu-toolchain/bin/../lib/gcc/avr/5.4.0/avr6\libgcc.a(_clear_bss.o)
 .bss           0x00000000        0x0 c:/program files (x86)/atmel/studio/7.0/toolchain/avr8/avr8-gnu-toolchain/bin/../lib/gcc/avr/5.4.0/avr6\libgcc.a(_clear_bss.o)
 .text.libgcc.mul
                0x00000000        0x0 c:/program files (x86)/atmel/studio/7.0/toolchain/avr8/avr8-gnu-toolchain/bin/../lib/gcc/avr/5.4.0/avr6\libgcc.a(_clear_bss.o)
 .text.libgcc.div
                0x00000000        0x0 c:/program files (x86)/atmel/studio/7.0/toolchain/avr8/avr8-gnu-toolchain/bin/../lib/gcc/avr/5.4.0/avr6\libgcc.a(_clear_bss.o)
 .text.libgcc   0x00000000        0x0 c:/program files (x86)/atmel/studio/7.0/toolchain/avr8/avr8-gnu-toolchain/bin/../lib/gcc/avr/5.4.0/avr6\libgcc.a(_clear_bss.o)
 .text.libgcc.prologue
                0x00000000        0x0 c:/program files (x86)/atmel/studio/7.0/toolchain/avr8/avr8-gnu-toolchain/bin/../lib/gcc/avr/5.4.0/avr6\libgcc.a(_clear_bss.o)
 .text.libgcc.builtins
                0x00000000        0x0 c:/program files (x86)/atmel/studio/7.0/toolchain/avr8/avr8-gnu-toolchain/bin/../lib/gcc/avr/5.4.0/avr6\libgcc.a(_clear_bss.o)
 .text.libgcc.fmul
                0x00000000        0x0 c:/program files (x86)/atmel/studio/7.0/toolchain/avr8/avr8-gnu-toolchain/bin/../lib/gcc/avr/5.4.0/avr6\libgcc.a(_clear_bss.o)
 .text.libgcc.fixed
                0x00000000        0x0 c:/program files (x86)/atmel/studio/7.0/toolchain/avr8/avr8-gnu-toolchain/bin/../lib/gcc/avr/5.4.0/avr6\libgcc.a(_clear_bss.o)
 .text          0x00000000        0x0 c:/program files (x86)/atmel/studio/7.0/toolchain/avr8/avr8-gnu-toolchain/bin/../lib/gcc/avr/5.4.0/avr6\libgcc.a(_ctors.o)
 .data          0x00000000        0x0 c:/program files (x86)/atmel/studio/7.0/toolchain/avr8/avr8-gnu-toolchain/bin/../lib/gcc/avr/5.4.0/avr6\libgcc.a(_ctors.o)
 .bss           0x00000000        0x0 c:/program files (x86)/atmel/studio/7.0/toolchain/avr8/avr8-gnu-toolchain/bin/../lib/gcc/avr/5.4.0/avr6\libgcc.a(_ctors.o)
 .text.libgcc.mul
                0x00000000        0x0 c:/program files (x86)/atmel/studio/7.0/toolchain/avr8/avr8-gnu-toolchain/bin/../lib/gcc/avr/5.4.0/avr6\libgcc.a(_ctors.o)
 .text.libgcc.div
                0x00000000        0x0 c:/program files (x86)/atmel/studio/7.0/toolchain/avr8/avr8-gnu-toolchain/bin/../lib/gcc/avr/5.4.0/avr6\libgcc.a(_ctors.o)
 .text.libgcc   0x00000000        0x0 c:/program files (x86)/atmel/studio/7.0/toolchain/avr8/avr8-gnu-toolchain/bin/../lib/gcc/avr/5.4.0/avr6\libgcc.a(_ctors.o)
 .text.libgcc.prologue
                0x00000000        0x0 c:/program files (x86)/atmel/studio/7.0/toolchain/avr8/avr8-gnu-toolchain/bin/../lib/gcc/avr/5.4.0/avr6\libgcc.a(_ctors.o)
 .text.libgcc.builtins
                0x00000000        0x0 c:/program files (x86)/atmel/studio/7.0/toolchain/avr8/avr8-gnu-toolchain/bin/../lib/gcc/avr/5.4.0/avr6\libgcc.a(_ctors.o)
 .text.libgcc.fmul
                0x00000000        0x0 c:/program files (x86)/atmel/studio/7.0/toolchain/avr8/avr8-gnu-toolchain/bin/../lib/gcc/avr/5.4.0/avr6\libgcc.a(_ctors.o)
 .text.libgcc.fixed
                0x00000000        0x0 c:/program files (x86)/atmel/studio/7.0/toolchain/avr8/avr8-gnu-toolchain/bin/../lib/gcc/avr/5.4.0/avr6\libgcc.a(_ctors.o)
 .text          0x00000000        0x0 c:/program files (x86)/atmel/studio/7.0/toolchain/avr8/avr8-gnu-toolchain/bin/../lib/gcc/avr/5.4.0/avr6\libgcc.a(_dtors.o)
 .data          0x00000000        0x0 c:/program files (x86)/atmel/studio/7.0/toolchain/avr8/avr8-gnu-toolchain/bin/../lib/gcc/avr/5.4.0/avr6\libgcc.a(_dtors.o)
 .bss           0x00000000        0x0 c:/program files (x86)/atmel/studio/7.0/toolchain/avr8/avr8-gnu-toolchain/bin/../lib/gcc/avr/5.4.0/avr6\libgcc.a(_dtors.o)
 .text.libgcc.mul
                0x00000000        0x0 c:/program files (x86)/atmel/studio/7.0/toolchain/avr8/avr8-gnu-toolchain/bin/../lib/gcc/avr/5.4.0/avr6\libgcc.a(_dtors.o)
 .text.libgcc.div
                0x00000000        0x0 c:/program files (x86)/atmel/studio/7.0/toolchain/avr8/avr8-gnu-toolchain/bin/../lib/gcc/avr/5.4.0/avr6\libgcc.a(_dtors.o)
 .text.libgcc   0x00000000        0x0 c:/program files (x86)/atmel/studio/7.0/toolchain/avr8/avr8-gnu-toolchain/bin/../lib/gcc/avr/5.4.0/avr6\libgcc.a(_dtors.o)
 .text.libgcc.prologue
                0x00000000        0x0 c:/program files (x86)/atmel/studio/7.0/toolchain/avr8/avr8-gnu-toolchain/bin/../lib/gcc/avr/5.4.0/avr6\libgcc.a(_dtors.o)
 .text.libgcc.builtins
                0x00000000        0x0 c:/program files (x86)/atmel/studio/7.0/toolchain/avr8/avr8-gnu-toolchain/bin/../lib/gcc/avr/5.4.0/avr6\libgcc.a(_dtors.o)
 .text.libgcc.fmul
                0x00000000        0x0 c:/program files (x86)/atmel/studio/7.0/toolchain/avr8/avr8-gnu-toolchain/bin/../lib/gcc/avr/5.4.0/avr6\libgcc.a(_dtors.o)
 .text.libgcc.fixed
                0x00000000        0x0 c:/program files (x86)/atmel/studio/7.0/toolchain/avr8/avr8-gnu-toolchain/bin/../lib/gcc/avr/5.4.0/avr6\libgcc.a(_dtors.o)
 .text          0x00000000        0x0 c:/program files (x86)/atmel/studio/7.0/toolchain/avr8/avr8-gnu-toolchain/bin/../lib/gcc/avr/5.4.0/avr6\libgcc.a(_udivmodhi4.o)
 .data          0x00000000        0x0 c:/program files (x86)/atmel/studio/7.0/toolchain/avr8/avr8-gnu-toolchain/bin/../lib/gcc/avr/5.4.0/avr6\libgcc.a(_udivmodhi4.o)
 .bss           0x00000000        0x0 c:/program files (x86)/atmel/studio/7.0/toolchain/avr8/avr8-gnu-toolchain/bin/../lib/gcc/avr/5.4.0/avr6\libgcc.a(_udivmodhi4.o)
 .text.libgcc.mul
                0x00000000        0x0 c:/program files (x86)/atmel/studio/7.0/toolchain/avr8/avr8-gnu-toolchain/bin/../lib/gcc/avr/5.4.0/avr6\libgcc.a(_udivmodhi4.o)
 .text.libgcc   0x00000000        0x0 c:/program files (x86)/atmel/studio/7.0/toolchain/avr8/avr8-gnu-toolchain/bin/../lib/gcc/avr/5.4.0/avr6\libgcc.a(_udivmodhi4.o)
 .text.libgcc.prologue
                0x00000000        0x0 c:/program files (x86)/atmel/studio/7.0/toolchain/avr8/avr8-gnu-toolchain/bin/../lib/gcc/avr/5.4.0/avr6\libgcc.a(_udivmodhi4.o)
 .text.libgcc.builtins
                0x00000000        0x0 c:/program files (x86)/atmel/studio/7.0/toolchain/avr8/avr8-gnu-toolchain/bin/../lib/gcc/avr/5.4.0/avr6\libgcc.a(_udivmodhi4.o)
 .text.libgcc.fmul
                0x00000000        0x0 c:/program files (x86)/atmel/studio/7.0/toolchain/avr8/avr8-gnu-toolchain/bin/../lib/gcc/avr/5.4.0/avr6\libgcc.a(_udivmodhi4.o)
 .text.libgcc.fixed
                0x00000000        0x0 c:/program files (x86)/atmel/studio/7.0/toolchain/avr8/avr8-gnu-toolchain/bin/../lib/gcc/avr/5.4.0/avr6\libgcc.a(_udivmodhi4.o)
 .text          0x00000000        0x0 c:/program files (x86)/atmel/studio/7.0/toolchain/avr8/avr8-gnu-toolchain/bin/../lib/gcc/avr/5.4.0/../../../../avr/lib/avr6\libc.a(itoa.o)
 .data          0x00000000        0x0 c:/program files (x86)/atmel/studio/7.0/toolchain/avr8/avr8-gnu-toolchain/bin/../lib/gcc/avr/5.4.0/../../../../avr/lib/avr6\libc.a(itoa.o)
 .bss           0x00000000        0x0 c:/program files (x86)/atmel/studio/7.0/toolchain/avr8/avr8-gnu-toolchain/bin/../lib/gcc/avr/5.4.0/../../../../avr/lib/avr6\libc.a(itoa.o)
 .text.avr-libc
                0x00000000       0x16 c:/program files (x86)/atmel/studio/7.0/toolchain/avr8/avr8-gnu-toolchain/bin/../lib/gcc/avr/5.4.0/../../../../avr/lib/avr6\libc.a(itoa.o)
 .text          0x00000000        0x0 c:/program files (x86)/atmel/studio/7.0/toolchain/avr8/avr8-gnu-toolchain/bin/../lib/gcc/avr/5.4.0/../../../../avr/lib/avr6\libc.a(itoa_ncheck.o)
 .data          0x00000000        0x0 c:/program files (x86)/atmel/studio/7.0/toolchain/avr8/avr8-gnu-toolchain/bin/../lib/gcc/avr/5.4.0/../../../../avr/lib/avr6\libc.a(itoa_ncheck.o)
 .bss           0x00000000        0x0 c:/program files (x86)/atmel/studio/7.0/toolchain/avr8/avr8-gnu-toolchain/bin/../lib/gcc/avr/5.4.0/../../../../avr/lib/avr6\libc.a(itoa_ncheck.o)
 .text          0x00000000        0x0 c:/program files (x86)/atmel/studio/7.0/toolchain/avr8/avr8-gnu-toolchain/bin/../lib/gcc/avr/5.4.0/../../../../avr/lib/avr6\libc.a(utoa_ncheck.o)
 .data          0x00000000        0x0 c:/program files (x86)/atmel/studio/7.0/toolchain/avr8/avr8-gnu-toolchain/bin/../lib/gcc/avr/5.4.0/../../../../avr/lib/avr6\libc.a(utoa_ncheck.o)
 .bss           0x00000000        0x0 c:/program files (x86)/atmel/studio/7.0/toolchain/avr8/avr8-gnu-toolchain/bin/../lib/gcc/avr/5.4.0/../../../../avr/lib/avr6\libc.a(utoa_ncheck.o)
 .text          0x00000000        0x0 c:/program files (x86)/atmel/studio/7.0/toolchain/avr8/avr8-gnu-toolchain/bin/../lib/gcc/avr/5.4.0/../../../../avr/lib/avr6\libc.a(strrev.o)
 .data          0x00000000        0x0 c:/program files (x86)/atmel/studio/7.0/toolchain/avr8/avr8-gnu-toolchain/bin/../lib/gcc/avr/5.4.0/../../../../avr/lib/avr6\libc.a(strrev.o)
 .bss           0x00000000        0x0 c:/program files (x86)/atmel/studio/7.0/toolchain/avr8/avr8-gnu-toolchain/bin/../lib/gcc/avr/5.4.0/../../../../avr/lib/avr6\libc.a(strrev.o)

Memory Configuration

Name             Origin             Length             Attributes
text             0x00000000         0x00100000         xr
data             0x00800200         0x0000fe00         rw !x
eeprom           0x00810000         0x00010000         rw !x
fuse             0x00820000         0x00000003         rw !x
lock             0x00830000         0x00000400         rw !x
signature        0x00840000         0x00000400         rw !x
user_signatures  0x00850000         0x00000400         rw !x
*default*        0x00000000         0xffffffff

Linker script and memory map

Address of section .data set to 0x800200
LOAD C:/Program Files (x86)/Atmel/Studio/7.0/Packs/atmel/ATmega_DFP/1.2.132/gcc/dev/atmega2560/avr6/crtatmega2560.o
LOAD Definitions.o
LOAD lcd.o
LOAD Magazine/EncoderBack.o
LOAD Magazine/EncoderFront.o
LOAD Magazine/MzMotorBack.o
LOAD Magazine/MzMotorFront.o
LOAD main.o
LOAD Motor/MotorBack.o
LOAD Motor/MotorFront.o
LOAD Motor/MotorSide.o
LOAD Motor/TMotor.o
LOAD PID.o
LOAD uart.o
START GROUP
LOAD c:/program files (x86)/atmel/studio/7.0/toolchain/avr8/avr8-gnu-toolchain/bin/../lib/gcc/avr/5.4.0/../../../../avr/lib/avr6\libm.a
END GROUP
LOAD c:/program files (x86)/atmel/studio/7.0/toolchain/avr8/avr8-gnu-toolchain/bin/../lib/gcc/avr/5.4.0/avr6\libgcc.a
LOAD c:/program files (x86)/atmel/studio/7.0/toolchain/avr8/avr8-gnu-toolchain/bin/../lib/gcc/avr/5.4.0/../../../../avr/lib/avr6\libm.a
START GROUP
LOAD c:/program files (x86)/atmel/studio/7.0/toolchain/avr8/avr8-gnu-toolchain/bin/../lib/gcc/avr/5.4.0/avr6\libgcc.a
LOAD c:/program files (x86)/atmel/studio/7.0/toolchain/avr8/avr8-gnu-toolchain/bin/../lib/gcc/avr/5.4.0/../../../../avr/lib/avr6\libm.a
LOAD c:/program files (x86)/atmel/studio/7.0/toolchain/avr8/avr8-gnu-toolchain/bin/../lib/gcc/avr/5.4.0/../../../../avr/lib/avr6\libc.a
LOAD C:/Program Files (x86)/Atmel/Studio/7.0/Packs/atmel/ATmega_DFP/1.2.132/gcc/dev/atmega2560/avr6\libatmega2560.a
END GROUP
                0x00100000                __TEXT_REGION_LENGTH__ = DEFINED (__TEXT_REGION_LENGTH__)?__TEXT_REGION_LENGTH__:0x100000
                0x0000fe00                __DATA_REGION_LENGTH__ = DEFINED (__DATA_REGION_LENGTH__)?__DATA_REGION_LENGTH__:0xfe00
                0x00010000                __EEPROM_REGION_LENGTH__ = DEFINED (__EEPROM_REGION_LENGTH__)?__EEPROM_REGION_LENGTH__:0x10000
                [0x00000003]                __FUSE_REGION_LENGTH__ = DEFINED (__FUSE_REGION_LENGTH__)?__FUSE_REGION_LENGTH__:0x400
                0x00000400                __LOCK_REGION_LENGTH__ = DEFINED (__LOCK_REGION_LENGTH__)?__LOCK_REGION_LENGTH__:0x400
                0x00000400                __SIGNATURE_REGION_LENGTH__ = DEFINED (__SIGNATURE_REGION_LENGTH__)?__SIGNATURE_REGION_LENGTH__:0x400
                0x00000400                __USER_SIGNATURE_REGION_LENGTH__ = DEFINED (__USER_SIGNATURE_REGION_LENGTH__)?__USER_SIGNATURE_REGION_LENGTH__:0x400

.hash
 *(.hash)

.dynsym
 *(.dynsym)

.dynstr
 *(.dynstr)

.gnu.version
 *(.gnu.version)

.gnu.version_d
 *(.gnu.version_d)

.gnu.version_r
 *(.gnu.version_r)

.rel.init
 *(.rel.init)

.rela.init
 *(.rela.init)

.rel.text
 *(.rel.text)
 *(.rel.text.*)
 *(.rel.gnu.linkonce.t*)

.rela.text
 *(.rela.text)
 *(.rela.text.*)
 *(.rela.gnu.linkonce.t*)

.rel.fini
 *(.rel.fini)

.rela.fini
 *(.rela.fini)

.rel.rodata
 *(.rel.rodata)
 *(.rel.rodata.*)
 *(.rel.gnu.linkonce.r*)

.rela.rodata
 *(.rela.rodata)
 *(.rela.rodata.*)
 *(.rela.gnu.linkonce.r*)

.rel.data
 *(.rel.data)
 *(.rel.data.*)
 *(.rel.gnu.linkonce.d*)

.rela.data
 *(.rela.data)
 *(.rela.data.*)
 *(.rela.gnu.linkonce.d*)

.rel.ctors
 *(.rel.ctors)

.rela.ctors
 *(.rela.ctors)

.rel.dtors
 *(.rel.dtors)

.rela.dtors
 *(.rela.dtors)

.rel.got
 *(.rel.got)

.rela.got
 *(.rela.got)

.rel.bss
 *(.rel.bss)

.rela.bss
 *(.rela.bss)

.rel.plt
 *(.rel.plt)

.rela.plt
 *(.rela.plt)

.text           0x00000000     0x2552
 *(.vectors)
 .vectors       0x00000000       0xe4 C:/Program Files (x86)/Atmel/Studio/7.0/Packs/atmel/ATmega_DFP/1.2.132/gcc/dev/atmega2560/avr6/crtatmega2560.o
                0x00000000                __vector_default
                0x00000000                __vectors
 *(.vectors)
 *(.progmem.gcc*)
 .progmem.gcc_sw_table._ZN9MotorBack7OperateERhS0_
                0x000000e4       0x98 Motor/MotorBack.o
 .progmem.gcc_sw_table._ZN9MotorSide7OperateERhS0_
                0x0000017c       0x4e Motor/MotorSide.o
                0x000001ca                . = ALIGN (0x2)
                0x000001ca                __trampolines_start = .
 *(.trampolines)
 .trampolines   0x000001ca        0x0 linker stubs
 *(.trampolines*)
                0x000001ca                __trampolines_end = .
 *libprintf_flt.a:*(.progmem.data)
 *libc.a:*(.progmem.data)
 *(.progmem*)
 .progmem.data._ZL4chex
                0x000001ca       0x10 lcd.o
                0x000001da                . = ALIGN (0x2)
 *(.jumptables)
 *(.jumptables*)
 *(.lowtext)
 *(.lowtext*)
                0x000001da                __ctors_start = .
 *(.ctors)
 .ctors         0x000001da        0x2 main.o
                0x000001dc                __ctors_end = .
                0x000001dc                __dtors_start = .
 *(.dtors)
 .dtors         0x000001dc        0x2 main.o
                0x000001de                __dtors_end = .
 SORT(*)(.ctors)
 SORT(*)(.dtors)
 *(.init0)
 .init0         0x000001de        0x0 C:/Program Files (x86)/Atmel/Studio/7.0/Packs/atmel/ATmega_DFP/1.2.132/gcc/dev/atmega2560/avr6/crtatmega2560.o
                0x000001de                __init
 *(.init0)
 *(.init1)
 *(.init1)
 *(.init2)
 .init2         0x000001de       0x10 C:/Program Files (x86)/Atmel/Studio/7.0/Packs/atmel/ATmega_DFP/1.2.132/gcc/dev/atmega2560/avr6/crtatmega2560.o
 *(.init2)
 *(.init3)
 .init3         0x000001ee       0x18 Definitions.o
                0x000001ee                _Z8wdt_initv
 *(.init3)
 *(.init4)
 .init4         0x00000206       0x1a c:/program files (x86)/atmel/studio/7.0/toolchain/avr8/avr8-gnu-toolchain/bin/../lib/gcc/avr/5.4.0/avr6\libgcc.a(_copy_data.o)
                0x00000206                __do_copy_data
 .init4         0x00000220       0x10 c:/program files (x86)/atmel/studio/7.0/toolchain/avr8/avr8-gnu-toolchain/bin/../lib/gcc/avr/5.4.0/avr6\libgcc.a(_clear_bss.o)
                0x00000220                __do_clear_bss
 *(.init4)
 *(.init5)
 *(.init5)
 *(.init6)
 .init6         0x00000230       0x20 c:/program files (x86)/atmel/studio/7.0/toolchain/avr8/avr8-gnu-toolchain/bin/../lib/gcc/avr/5.4.0/avr6\libgcc.a(_ctors.o)
                0x00000230                __do_global_ctors
 *(.init6)
 *(.init7)
 *(.init7)
 *(.init8)
 *(.init8)
 *(.init9)
 .init9         0x00000250        0x6 C:/Program Files (x86)/Atmel/Studio/7.0/Packs/atmel/ATmega_DFP/1.2.132/gcc/dev/atmega2560/avr6/crtatmega2560.o
 *(.init9)
 *(.text)
 .text          0x00000256        0x2 C:/Program Files (x86)/Atmel/Studio/7.0/Packs/atmel/ATmega_DFP/1.2.132/gcc/dev/atmega2560/avr6/crtatmega2560.o
                0x00000256                __vector_38
                0x00000256                __vector_22
                0x00000256                __vector_28
                0x00000256                __vector_1
                0x00000256                __vector_32
                0x00000256                __vector_34
                0x00000256                __vector_24
                0x00000256                __vector_12
                0x00000256                __vector_46
                0x00000256                __bad_interrupt
                0x00000256                __vector_31
                0x00000256                __vector_39
                0x00000256                __vector_30
                0x00000256                __vector_11
                0x00000256                __vector_13
                0x00000256                __vector_17
                0x00000256                __vector_19
                0x00000256                __vector_56
                0x00000256                __vector_7
                0x00000256                __vector_49
                0x00000256                __vector_41
                0x00000256                __vector_43
                0x00000256                __vector_27
                0x00000256                __vector_33
                0x00000256                __vector_47
                0x00000256                __vector_37
                0x00000256                __vector_44
                0x00000256                __vector_9
                0x00000256                __vector_21
                0x00000256                __vector_15
                0x00000256                __vector_36
                0x00000256                __vector_29
                0x00000256                __vector_40
                0x00000256                __vector_8
                0x00000256                __vector_48
                0x00000256                __vector_14
                0x00000256                __vector_53
                0x00000256                __vector_10
                0x00000256                __vector_50
                0x00000256                __vector_16
                0x00000256                __vector_18
                0x00000256                __vector_42
                0x00000258                . = ALIGN (0x2)
 *(.text.*)
 .text._Z10initialisev
                0x00000258       0x14 Definitions.o
                0x00000258                _Z10initialisev
 .text._Z15bluetooth_checkv
                0x0000026c        0xa Definitions.o
                0x0000026c                _Z15bluetooth_checkv
 .text._ZL9lcd_writeh
                0x00000276       0x62 lcd.o
 .text._Z9lcd_clearv
                0x000002d8        0x8 lcd.o
                0x000002d8                _Z9lcd_clearv
 .text._Z9lcd_putchc
                0x000002e0        0x6 lcd.o
                0x000002e0                _Z9lcd_putchc
 .text._Z8lcd_gotoh
                0x000002e6        0x8 lcd.o
                0x000002e6                _Z8lcd_gotoh
 .text._Z8lcd_initv
                0x000002ee       0x70 lcd.o
                0x000002ee                _Z8lcd_initv
 .text._Z8lcd_unumj
                0x0000035e      0x12e lcd.o
                0x0000035e                _Z8lcd_unumj
 .text._Z10lcd_gotoxyhh
                0x0000048c        0xc lcd.o
                0x0000048c                _Z10lcd_gotoxyhh
 .text._ZN11EncoderBack10InitialiseEv
                0x00000498       0x20 Magazine/EncoderBack.o
                0x00000498                _ZN11EncoderBack10InitialiseEv
 .text._ZN12EncoderFront10InitialiseEv
                0x000004b8       0x20 Magazine/EncoderFront.o
                0x000004b8                _ZN12EncoderFront10InitialiseEv
 .text._ZN11MzMotorBack13InitInterruptEv
                0x000004d8        0x6 Magazine/MzMotorBack.o
                0x000004d8                _ZN11MzMotorBack13InitInterruptEv
 .text._ZN11MzMotorBack10InitialiseEv
                0x000004de       0x28 Magazine/MzMotorBack.o
                0x000004de                _ZN11MzMotorBack10InitialiseEv
 .text._ZN11MzMotorBack19SetForwardDirectionEv
                0x00000506        0x6 Magazine/MzMotorBack.o
                0x00000506                _ZN11MzMotorBack19SetForwardDirectionEv
 .text._ZN11MzMotorBack19SetReverseDirectionEv
                0x0000050c        0x6 Magazine/MzMotorBack.o
                0x0000050c                _ZN11MzMotorBack19SetReverseDirectionEv
 .text._ZN11MzMotorBack9StopMotorEv
                0x00000512        0x8 Magazine/MzMotorBack.o
                0x00000512                _ZN11MzMotorBack9StopMotorEv
 .text._ZN11MzMotorBack6MoveUPEv
                0x0000051a        0x6 Magazine/MzMotorBack.o
                0x0000051a                _ZN11MzMotorBack6MoveUPEv
 .text._ZN11MzMotorBack7OperateEb
                0x00000520       0x76 Magazine/MzMotorBack.o
                0x00000520                _ZN11MzMotorBack7OperateEb
 .text._ZN11MzMotorBack5MoveDEv
                0x00000596       0x30 Magazine/MzMotorBack.o
                0x00000596                _ZN11MzMotorBack5MoveDEv
 .text._ZN11MzMotorBack8PreMoveDEv
                0x000005c6        0x6 Magazine/MzMotorBack.o
                0x000005c6                _ZN11MzMotorBack8PreMoveDEv
 .text._ZN11MzMotorBackC2Ev
                0x000005cc        0x2 Magazine/MzMotorBack.o
                0x000005cc                _ZN11MzMotorBackC1Ev
                0x000005cc                _ZN11MzMotorBackC2Ev
 .text._ZN11MzMotorBackD2Ev
                0x000005ce        0x2 Magazine/MzMotorBack.o
                0x000005ce                _ZN11MzMotorBackD2Ev
                0x000005ce                _ZN11MzMotorBackD1Ev
 .text._ZN12MzMotorFront13InitInterruptEv
                0x000005d0        0x6 Magazine/MzMotorFront.o
                0x000005d0                _ZN12MzMotorFront13InitInterruptEv
 .text._ZN12MzMotorFront10InitialiseEv
                0x000005d6       0x2c Magazine/MzMotorFront.o
                0x000005d6                _ZN12MzMotorFront10InitialiseEv
 .text._ZN12MzMotorFront19SetForwardDirectionEv
                0x00000602        0x6 Magazine/MzMotorFront.o
                0x00000602                _ZN12MzMotorFront19SetForwardDirectionEv
 .text._ZN12MzMotorFront19SetReverseDirectionEv
                0x00000608        0x6 Magazine/MzMotorFront.o
                0x00000608                _ZN12MzMotorFront19SetReverseDirectionEv
 .text._ZN12MzMotorFront9StopMotorEv
                0x0000060e        0x8 Magazine/MzMotorFront.o
                0x0000060e                _ZN12MzMotorFront9StopMotorEv
 .text._ZN12MzMotorFront6MoveUPEv
                0x00000616        0x6 Magazine/MzMotorFront.o
                0x00000616                _ZN12MzMotorFront6MoveUPEv
 .text._ZN12MzMotorFront7OperateEb
                0x0000061c       0x76 Magazine/MzMotorFront.o
                0x0000061c                _ZN12MzMotorFront7OperateEb
 .text._ZN12MzMotorFront5MoveDEv
                0x00000692       0x32 Magazine/MzMotorFront.o
                0x00000692                _ZN12MzMotorFront5MoveDEv
 .text._ZN12MzMotorFront8PreMoveDEv
                0x000006c4        0x6 Magazine/MzMotorFront.o
                0x000006c4                _ZN12MzMotorFront8PreMoveDEv
 .text._ZN12MzMotorFrontC2Ev
                0x000006ca        0x2 Magazine/MzMotorFront.o
                0x000006ca                _ZN12MzMotorFrontC2Ev
                0x000006ca                _ZN12MzMotorFrontC1Ev
 .text._ZN12MzMotorFrontD2Ev
                0x000006cc        0x2 Magazine/MzMotorFront.o
                0x000006cc                _ZN12MzMotorFrontD1Ev
                0x000006cc                _ZN12MzMotorFrontD2Ev
 .text.main     0x000006ce      0x404 main.o
                0x000006ce                main
 .text.__vector_3
                0x00000ad2       0x50 main.o
                0x00000ad2                __vector_3
 .text.__vector_35
                0x00000b22       0x1c main.o
                0x00000b22                __vector_35
 .text.__vector_2
                0x00000b3e       0x50 main.o
                0x00000b3e                __vector_2
 .text.__vector_45
                0x00000b8e       0x1c main.o
                0x00000b8e                __vector_45
 .text.__vector_20
                0x00000baa       0x1c main.o
                0x00000baa                __vector_20
 .text.__vector_4
                0x00000bc6       0x50 main.o
                0x00000bc6                __vector_4
 .text.__vector_23
                0x00000c16       0x58 main.o
                0x00000c16                __vector_23
 .text.__vector_6
                0x00000c6e       0x74 main.o
                0x00000c6e                __vector_6
 .text.__vector_5
                0x00000ce2       0x74 main.o
                0x00000ce2                __vector_5
 .text._GLOBAL__sub_I_LandingData
                0x00000d56        0xe main.o
 .text._GLOBAL__sub_D_LandingData
                0x00000d64        0xe main.o
 .text._ZN9MotorBack11InitCounterEv
                0x00000d72       0x16 Motor/MotorBack.o
                0x00000d72                _ZN9MotorBack11InitCounterEv
 .text._ZN9MotorBack7InitPWMEv
                0x00000d88       0x3c Motor/MotorBack.o
                0x00000d88                _ZN9MotorBack7InitPWMEv
 .text._ZN9MotorBack13InitInterruptEv
                0x00000dc4       0x14 Motor/MotorBack.o
                0x00000dc4                _ZN9MotorBack13InitInterruptEv
 .text._ZN9MotorBack19SetForwardDirectionEv
                0x00000dd8       0x12 Motor/MotorBack.o
                0x00000dd8                _ZN9MotorBack19SetForwardDirectionEv
 .text._ZN9MotorBack11SetOcrValueEi
                0x00000dea       0x4e Motor/MotorBack.o
                0x00000dea                _ZN9MotorBack11SetOcrValueEi
 .text._ZN9MotorBack9StopMotorEv
                0x00000e38       0x18 Motor/MotorBack.o
                0x00000e38                _ZN9MotorBack9StopMotorEv
 .text._ZN9MotorBack10InitialiseEv
                0x00000e50       0x82 Motor/MotorBack.o
                0x00000e50                _ZN9MotorBack10InitialiseEv
 .text._ZN9MotorBack7OperateERhS0_
                0x00000ed2      0x424 Motor/MotorBack.o
                0x00000ed2                _ZN9MotorBack7OperateERhS0_
 .text._ZN10MotorFront11InitCounterEv
                0x000012f6       0x16 Motor/MotorFront.o
                0x000012f6                _ZN10MotorFront11InitCounterEv
 .text._ZN10MotorFront7InitPWMEv
                0x0000130c       0x3c Motor/MotorFront.o
                0x0000130c                _ZN10MotorFront7InitPWMEv
 .text._ZN10MotorFront13InitInterruptEv
                0x00001348       0x14 Motor/MotorFront.o
                0x00001348                _ZN10MotorFront13InitInterruptEv
 .text._ZN10MotorFront19SetForwardDirectionEv
                0x0000135c       0x12 Motor/MotorFront.o
                0x0000135c                _ZN10MotorFront19SetForwardDirectionEv
 .text._ZN10MotorFront11SetOcrValueEi
                0x0000136e       0x4e Motor/MotorFront.o
                0x0000136e                _ZN10MotorFront11SetOcrValueEi
 .text._ZN10MotorFront9StopMotorEv
                0x000013bc       0x18 Motor/MotorFront.o
                0x000013bc                _ZN10MotorFront9StopMotorEv
 .text._ZN10MotorFront10InitialiseEv
                0x000013d4       0x82 Motor/MotorFront.o
                0x000013d4                _ZN10MotorFront10InitialiseEv
 .text._ZN9MotorSide11InitCounterEv
                0x00001456       0x16 Motor/MotorSide.o
                0x00001456                _ZN9MotorSide11InitCounterEv
 .text._ZN9MotorSide7InitPWMEv
                0x0000146c       0x3c Motor/MotorSide.o
                0x0000146c                _ZN9MotorSide7InitPWMEv
 .text._ZN9MotorSide13InitInterruptEv
                0x000014a8       0x14 Motor/MotorSide.o
                0x000014a8                _ZN9MotorSide13InitInterruptEv
 .text._ZN9MotorSide19SetForwardDirectionEv
                0x000014bc       0x12 Motor/MotorSide.o
                0x000014bc                _ZN9MotorSide19SetForwardDirectionEv
 .text._ZN9MotorSide10InitialiseEv
                0x000014ce       0x8c Motor/MotorSide.o
                0x000014ce                _ZN9MotorSide10InitialiseEv
 .text._ZN9MotorSide11SetOcrValueEi
                0x0000155a       0x4e Motor/MotorSide.o
                0x0000155a                _ZN9MotorSide11SetOcrValueEi
 .text._ZN9MotorSide9StopMotorEv
                0x000015a8       0x18 Motor/MotorSide.o
                0x000015a8                _ZN9MotorSide9StopMotorEv
 .text._ZN9MotorSide7OperateERhS0_
                0x000015c0      0x38e Motor/MotorSide.o
                0x000015c0                _ZN9MotorSide7OperateERhS0_
 .text._ZN6TMotor15InitLimitSwitchEv
                0x0000194e        0xa Motor/TMotor.o
                0x0000194e                _ZN6TMotor15InitLimitSwitchEv
 .text._ZN6TMotor19SetForwardDirectionEv
                0x00001958       0x12 Motor/TMotor.o
                0x00001958                _ZN6TMotor19SetForwardDirectionEv
 .text._ZN6TMotor19SetReverseDirectionEv
                0x0000196a       0x12 Motor/TMotor.o
                0x0000196a                _ZN6TMotor19SetReverseDirectionEv
 .text._ZN6TMotor9StopMotorEv
                0x0000197c       0x1c Motor/TMotor.o
                0x0000197c                _ZN6TMotor9StopMotorEv
 .text._ZN6TMotor11MoveForwardEv
                0x00001998        0xe Motor/TMotor.o
                0x00001998                _ZN6TMotor11MoveForwardEv
 .text._ZN6TMotor12MoveBackwardEv
                0x000019a6        0xe Motor/TMotor.o
                0x000019a6                _ZN6TMotor12MoveBackwardEv
 .text._ZN6TMotor10InitialiseEv
                0x000019b4       0x44 Motor/TMotor.o
                0x000019b4                _ZN6TMotor10InitialiseEv
 .text._ZN6TMotor12ControlLogicEv
                0x000019f8       0x5e Motor/TMotor.o
                0x000019f8                _ZN6TMotor12ControlLogicEv
 .text._ZN6TMotor12ProcessInputEh
                0x00001a56       0x24 Motor/TMotor.o
                0x00001a56                _ZN6TMotor12ProcessInputEh
 .text._ZN6TMotor12UpdateStatusEv
                0x00001a7a       0x86 Motor/TMotor.o
                0x00001a7a                _ZN6TMotor12UpdateStatusEv
 .text._ZN6TMotor7OperateEh
                0x00001b00       0x74 Motor/TMotor.o
                0x00001b00                _ZN6TMotor7OperateEh
 .text._ZN3PID10InitialiseEv
                0x00001b74       0x20 PID.o
                0x00001b74                _ZN3PID10InitialiseEv
 .text._ZN3PID12Set_SetpointEi
                0x00001b94        0x8 PID.o
                0x00001b94                _ZN3PID12Set_SetpointEi
 .text._ZN3PID7Set_PIDEfff
                0x00001b9c       0x34 PID.o
                0x00001b9c                _ZN3PID7Set_PIDEfff
 .text._ZN3PID11Compute_PIDEib
                0x00001bd0       0xfe PID.o
                0x00001bd0                _ZN3PID11Compute_PIDEib
 .text.__vector_25
                0x00001cce       0x5e uart.o
                0x00001cce                __vector_25
 .text.__vector_26
                0x00001d2c       0x5c uart.o
                0x00001d2c                __vector_26
 .text._Z10uart0_initj
                0x00001d88       0x32 uart.o
                0x00001d88                _Z10uart0_initj
 .text._Z10uart0_getcv
                0x00001dba       0x36 uart.o
                0x00001dba                _Z10uart0_getcv
 .text._Z10uart0_putch
                0x00001df0       0x2a uart.o
                0x00001df0                _Z10uart0_putch
 .text._Z12uart0_putinti
                0x00001e1a       0x50 uart.o
                0x00001e1a                _Z12uart0_putinti
 .text._Z10uart0_putsPKc
                0x00001e6a       0x1c uart.o
                0x00001e6a                _Z10uart0_putsPKc
 .text._Z15uart0_availablev
                0x00001e86       0x16 uart.o
                0x00001e86                _Z15uart0_availablev
 .text.__vector_51
                0x00001e9c       0x5e uart.o
                0x00001e9c                __vector_51
 .text.__vector_52
                0x00001efa       0x5c uart.o
                0x00001efa                __vector_52
 .text.__vector_54
                0x00001f56       0x5e uart.o
                0x00001f56                __vector_54
 .text.__vector_55
                0x00001fb4       0x5c uart.o
                0x00001fb4                __vector_55
 .text._Z10uart3_initj
                0x00002010       0x32 uart.o
                0x00002010                _Z10uart3_initj
 .text._Z10uart3_getcv
                0x00002042       0x36 uart.o
                0x00002042                _Z10uart3_getcv
 .text._Z15uart3_availablev
                0x00002078       0x16 uart.o
                0x00002078                _Z15uart3_availablev
 .text.avr-libc.fplib
                0x0000208e        0xa c:/program files (x86)/atmel/studio/7.0/toolchain/avr8/avr8-gnu-toolchain/bin/../lib/gcc/avr/5.4.0/../../../../avr/lib/avr6\libm.a(addsf3.o)
                0x0000208e                __subsf3
                0x00002090                __addsf3
 .text.avr-libc.fplib
                0x00002098       0xc0 c:/program files (x86)/atmel/studio/7.0/toolchain/avr8/avr8-gnu-toolchain/bin/../lib/gcc/avr/5.4.0/../../../../avr/lib/avr6\libm.a(addsf3x.o)
                0x000020b2                __addsf3x
 .text.avr-libc.fplib
                0x00002158        0x4 c:/program files (x86)/atmel/studio/7.0/toolchain/avr8/avr8-gnu-toolchain/bin/../lib/gcc/avr/5.4.0/../../../../avr/lib/avr6\libm.a(divsf3.o)
                0x00002158                __divsf3
 .text.avr-libc.fplib
                0x0000215c       0xcc c:/program files (x86)/atmel/studio/7.0/toolchain/avr8/avr8-gnu-toolchain/bin/../lib/gcc/avr/5.4.0/../../../../avr/lib/avr6\libm.a(divsf3x.o)
                0x00002172                __divsf3x
                0x00002176                __divsf3_pse
 .text.avr-libc.fplib
                0x00002228        0xa c:/program files (x86)/atmel/studio/7.0/toolchain/avr8/avr8-gnu-toolchain/bin/../lib/gcc/avr/5.4.0/../../../../avr/lib/avr6\libm.a(fixsfsi.o)
                0x00002228                __fixsfsi
 .text.avr-libc.fplib
                0x00002232       0x58 c:/program files (x86)/atmel/studio/7.0/toolchain/avr8/avr8-gnu-toolchain/bin/../lib/gcc/avr/5.4.0/../../../../avr/lib/avr6\libm.a(fixunssfsi.o)
                0x00002232                __fixunssfsi
 .text.avr-libc.fplib
                0x0000228a       0x7a c:/program files (x86)/atmel/studio/7.0/toolchain/avr8/avr8-gnu-toolchain/bin/../lib/gcc/avr/5.4.0/../../../../avr/lib/avr6\libm.a(floatsisf.o)
                0x0000228a                __floatunsisf
                0x0000228e                __floatsisf
 .text.avr-libc.fplib
                0x00002304        0xc c:/program files (x86)/atmel/studio/7.0/toolchain/avr8/avr8-gnu-toolchain/bin/../lib/gcc/avr/5.4.0/../../../../avr/lib/avr6\libm.a(fp_inf.o)
                0x00002304                __fp_inf
 .text.avr-libc.fplib
                0x00002310        0x6 c:/program files (x86)/atmel/studio/7.0/toolchain/avr8/avr8-gnu-toolchain/bin/../lib/gcc/avr/5.4.0/../../../../avr/lib/avr6\libm.a(fp_nan.o)
                0x00002310                __fp_nan
 .text.avr-libc.fplib
                0x00002316        0xe c:/program files (x86)/atmel/studio/7.0/toolchain/avr8/avr8-gnu-toolchain/bin/../lib/gcc/avr/5.4.0/../../../../avr/lib/avr6\libm.a(fp_pscA.o)
                0x00002316                __fp_pscA
 .text.avr-libc.fplib
                0x00002324        0xe c:/program files (x86)/atmel/studio/7.0/toolchain/avr8/avr8-gnu-toolchain/bin/../lib/gcc/avr/5.4.0/../../../../avr/lib/avr6\libm.a(fp_pscB.o)
                0x00002324                __fp_pscB
 .text.avr-libc.fplib
                0x00002332       0x22 c:/program files (x86)/atmel/studio/7.0/toolchain/avr8/avr8-gnu-toolchain/bin/../lib/gcc/avr/5.4.0/../../../../avr/lib/avr6\libm.a(fp_round.o)
                0x00002332                __fp_round
 .text.avr-libc.fplib
                0x00002354       0x44 c:/program files (x86)/atmel/studio/7.0/toolchain/avr8/avr8-gnu-toolchain/bin/../lib/gcc/avr/5.4.0/../../../../avr/lib/avr6\libm.a(fp_split3.o)
                0x00002354                __fp_split3
                0x00002364                __fp_splitA
 .text.avr-libc.fplib
                0x00002398        0xe c:/program files (x86)/atmel/studio/7.0/toolchain/avr8/avr8-gnu-toolchain/bin/../lib/gcc/avr/5.4.0/../../../../avr/lib/avr6\libm.a(fp_zero.o)
                0x00002398                __fp_zero
                0x0000239a                __fp_szero
 .text.avr-libc.fplib
                0x000023a6        0x4 c:/program files (x86)/atmel/studio/7.0/toolchain/avr8/avr8-gnu-toolchain/bin/../lib/gcc/avr/5.4.0/../../../../avr/lib/avr6\libm.a(mulsf3.o)
                0x000023a6                __mulsf3
 .text.avr-libc.fplib
                0x000023aa       0xc2 c:/program files (x86)/atmel/studio/7.0/toolchain/avr8/avr8-gnu-toolchain/bin/../lib/gcc/avr/5.4.0/../../../../avr/lib/avr6\libm.a(mulsf3x.o)
                0x000023be                __mulsf3x
                0x000023c2                __mulsf3_pse
 .text.libgcc.div
                0x0000246c       0x26 c:/program files (x86)/atmel/studio/7.0/toolchain/avr8/avr8-gnu-toolchain/bin/../lib/gcc/avr/5.4.0/avr6\libgcc.a(_divmodhi4.o)
                0x0000246c                _div
                0x0000246c                __divmodhi4
 .text.libgcc   0x00002492       0x10 c:/program files (x86)/atmel/studio/7.0/toolchain/avr8/avr8-gnu-toolchain/bin/../lib/gcc/avr/5.4.0/avr6\libgcc.a(_tablejump2.o)
                0x00002492                __tablejump2__
 .text.libgcc.div
                0x000024a2       0x28 c:/program files (x86)/atmel/studio/7.0/toolchain/avr8/avr8-gnu-toolchain/bin/../lib/gcc/avr/5.4.0/avr6\libgcc.a(_udivmodhi4.o)
                0x000024a2                __udivmodhi4
 .text.avr-libc
                0x000024ca       0x14 c:/program files (x86)/atmel/studio/7.0/toolchain/avr8/avr8-gnu-toolchain/bin/../lib/gcc/avr/5.4.0/../../../../avr/lib/avr6\libc.a(itoa_ncheck.o)
                0x000024ca                __itoa_ncheck
 .text.avr-libc
                0x000024de       0x32 c:/program files (x86)/atmel/studio/7.0/toolchain/avr8/avr8-gnu-toolchain/bin/../lib/gcc/avr/5.4.0/../../../../avr/lib/avr6\libc.a(utoa_ncheck.o)
                0x000024de                __utoa_ncheck
                0x000024e0                __utoa_common
 .text.avr-libc
                0x00002510       0x20 c:/program files (x86)/atmel/studio/7.0/toolchain/avr8/avr8-gnu-toolchain/bin/../lib/gcc/avr/5.4.0/../../../../avr/lib/avr6\libc.a(strrev.o)
                0x00002510                strrev
                0x00002530                . = ALIGN (0x2)
 *(.fini9)
 .fini9         0x00002530        0x0 c:/program files (x86)/atmel/studio/7.0/toolchain/avr8/avr8-gnu-toolchain/bin/../lib/gcc/avr/5.4.0/avr6\libgcc.a(_exit.o)
                0x00002530                _exit
                0x00002530                exit
 *(.fini9)
 *(.fini8)
 *(.fini8)
 *(.fini7)
 *(.fini7)
 *(.fini6)
 .fini6         0x00002530       0x1e c:/program files (x86)/atmel/studio/7.0/toolchain/avr8/avr8-gnu-toolchain/bin/../lib/gcc/avr/5.4.0/avr6\libgcc.a(_dtors.o)
                0x00002530                __do_global_dtors
 *(.fini6)
 *(.fini5)
 *(.fini5)
 *(.fini4)
 *(.fini4)
 *(.fini3)
 *(.fini3)
 *(.fini2)
 *(.fini2)
 *(.fini1)
 *(.fini1)
 *(.fini0)
 .fini0         0x0000254e        0x4 c:/program files (x86)/atmel/studio/7.0/toolchain/avr8/avr8-gnu-toolchain/bin/../lib/gcc/avr/5.4.0/avr6\libgcc.a(_exit.o)
 *(.fini0)
                0x00002552                _etext = .

.data           0x00800200       0x76 load address 0x00002552
                0x00800200                PROVIDE (__data_start, .)
 *(.data)
 *(.data*)
 .data.LandingData
                0x00800200       0x30 main.o
                0x00800200                LandingData
 *(.rodata)
 *(.rodata*)
 .rodata.str1.1
                0x00800230       0x34 Definitions.o
 .rodata.str1.1
                0x00800264        0xd Motor/MotorBack.o
                                 0x10 (size before relaxing)
 .rodata.str1.1
                0x00800271        0x4 Motor/MotorSide.o
                                  0xb (size before relaxing)
 *(.gnu.linkonce.d*)
                0x00800276                . = ALIGN (0x2)
 *fill*         0x00800275        0x1 
                0x00800276                _edata = .
                0x00800276                PROVIDE (__data_end, .)

.bss            0x00800276      0x179
                0x00800276                PROVIDE (__bss_start, .)
 *(.bss)
 *(.bss*)
 .bss.gPostion  0x00800276        0x1 main.o
                0x00800276                gPostion
 .bss.gStatus   0x00800277        0x1 main.o
                0x00800277                gStatus
 .bss.StartFlag
                0x00800278        0x1 main.o
                0x00800278                StartFlag
 .bss.TempReturn2
                0x00800279        0x1 main.o
                0x00800279                TempReturn2
 .bss.TempReturn1
                0x0080027a        0x1 main.o
                0x0080027a                TempReturn1
 .bss.gChangeFlag
                0x0080027b        0x1 main.o
                0x0080027b                gChangeFlag
 .bss.gLimitFlag
                0x0080027c        0x1 main.o
                0x0080027c                gLimitFlag
 .bss.Rx_Buffer
                0x0080027d        0x1 main.o
                0x0080027d                Rx_Buffer
 .bss.rx        0x0080027e        0x1 main.o
                0x0080027e                rx
 .bss.Command   0x0080027f        0x1 main.o
                0x0080027f                Command
 .bss.LCDClear  0x00800280        0x1 main.o
                0x00800280                LCDClear
 .bss.MagazineBack
                0x00800281        0xc main.o
                0x00800281                MagazineBack
 .bss.MagazineFront
                0x0080028d        0xc main.o
                0x0080028d                MagazineFront
 .bss.ThrowMotor
                0x00800299        0xa main.o
                0x00800299                ThrowMotor
 .bss.SideMotor
                0x008002a3       0x2b main.o
                0x008002a3                SideMotor
 .bss.FrontMotor
                0x008002ce       0x28 main.o
                0x008002ce                FrontMotor
 .bss.BackMotor
                0x008002f6       0x28 main.o
                0x008002f6                BackMotor
 .bss._ZZN3PID11Compute_PIDEibE9TimeLimit
                0x0080031e        0x2 PID.o
 .bss._ZL17UART3_LastRxError
                0x00800320        0x1 uart.o
 .bss._ZL12UART3_RxTail
                0x00800321        0x1 uart.o
 .bss._ZL12UART3_RxHead
                0x00800322        0x1 uart.o
 .bss._ZL12UART3_TxTail
                0x00800323        0x1 uart.o
 .bss._ZL12UART3_TxHead
                0x00800324        0x1 uart.o
 .bss._ZL11UART3_RxBuf
                0x00800325       0x20 uart.o
 .bss._ZL11UART3_TxBuf
                0x00800345       0x20 uart.o
 .bss._ZL17UART2_LastRxError
                0x00800365        0x1 uart.o
 .bss._ZL12UART2_RxTail
                0x00800366        0x1 uart.o
 .bss._ZL12UART2_RxHead
                0x00800367        0x1 uart.o
 .bss._ZL12UART2_TxTail
                0x00800368        0x1 uart.o
 .bss._ZL12UART2_TxHead
                0x00800369        0x1 uart.o
 .bss._ZL11UART2_RxBuf
                0x0080036a       0x20 uart.o
 .bss._ZL11UART2_TxBuf
                0x0080038a       0x20 uart.o
 .bss._ZL17UART0_LastRxError
                0x008003aa        0x1 uart.o
 .bss._ZL12UART0_RxTail
                0x008003ab        0x1 uart.o
 .bss._ZL12UART0_RxHead
                0x008003ac        0x1 uart.o
 .bss._ZL12UART0_TxTail
                0x008003ad        0x1 uart.o
 .bss._ZL12UART0_TxHead
                0x008003ae        0x1 uart.o
 .bss._ZL11UART0_RxBuf
                0x008003af       0x20 uart.o
 .bss._ZL11UART0_TxBuf
                0x008003cf       0x20 uart.o
 *(COMMON)
                0x008003ef                PROVIDE (__bss_end, .)
                0x00002552                __data_load_start = LOADADDR (.data)
                0x000025c8                __data_load_end = (__data_load_start + SIZEOF (.data))

.noinit         0x008003ef        0x0
                [!provide]                PROVIDE (__noinit_start, .)
 *(.noinit*)
                [!provide]                PROVIDE (__noinit_end, .)
                0x008003ef                _end = .
                [!provide]                PROVIDE (__heap_start, .)

.eeprom         0x00810000        0x0
 *(.eeprom*)
                0x00810000                __eeprom_end = .

.fuse
 *(.fuse)
 *(.lfuse)
 *(.hfuse)
 *(.efuse)

.lock
 *(.lock*)

.signature
 *(.signature*)

.user_signatures
 *(.user_signatures*)

.stab
 *(.stab)

.stabstr
 *(.stabstr)

.stab.excl
 *(.stab.excl)

.stab.exclstr
 *(.stab.exclstr)

.stab.index
 *(.stab.index)

.stab.indexstr
 *(.stab.indexstr)

.comment        0x00000000       0x30
 *(.comment)
 .comment       0x00000000       0x30 Definitions.o
                                 0x31 (size before relaxing)
 .comment       0x00000030       0x31 lcd.o
 .comment       0x00000030       0x31 Magazine/EncoderBack.o
 .comment       0x00000030       0x31 Magazine/EncoderFront.o
 .comment       0x00000030       0x31 Magazine/MzMotorBack.o
 .comment       0x00000030       0x31 Magazine/MzMotorFront.o
 .comment       0x00000030       0x31 main.o
 .comment       0x00000030       0x31 Motor/MotorBack.o
 .comment       0x00000030       0x31 Motor/MotorFront.o
 .comment       0x00000030       0x31 Motor/MotorSide.o
 .comment       0x00000030       0x31 Motor/TMotor.o
 .comment       0x00000030       0x31 PID.o
 .comment       0x00000030       0x31 uart.o

.note.gnu.avr.deviceinfo
                0x00000000       0x40
 .note.gnu.avr.deviceinfo
                0x00000000       0x40 C:/Program Files (x86)/Atmel/Studio/7.0/Packs/atmel/ATmega_DFP/1.2.132/gcc/dev/atmega2560/avr6/crtatmega2560.o

.note.gnu.build-id
 *(.note.gnu.build-id)

.debug
 *(.debug)

.line
 *(.line)

.debug_srcinfo
 *(.debug_srcinfo)

.debug_sfnames
 *(.debug_sfnames)

.debug_aranges  0x00000000      0x5a8
 *(.debug_aranges)
 .debug_aranges
                0x00000000       0x38 Definitions.o
 .debug_aranges
                0x00000038       0x98 lcd.o
 .debug_aranges
                0x000000d0       0x20 Magazine/EncoderBack.o
 .debug_aranges
                0x000000f0       0x20 Magazine/EncoderFront.o
 .debug_aranges
                0x00000110       0x70 Magazine/MzMotorBack.o
 .debug_aranges
                0x00000180       0x70 Magazine/MzMotorFront.o
 .debug_aranges
                0x000001f0       0x78 main.o
 .debug_aranges
                0x00000268       0x78 Motor/MotorBack.o
 .debug_aranges
                0x000002e0       0x78 Motor/MotorFront.o
 .debug_aranges
                0x00000358       0x78 Motor/MotorSide.o
 .debug_aranges
                0x000003d0       0x78 Motor/TMotor.o
 .debug_aranges
                0x00000448       0x58 PID.o
 .debug_aranges
                0x000004a0      0x108 uart.o

.debug_pubnames
 *(.debug_pubnames)

.debug_info     0x00000000     0x8f44
 *(.debug_info .gnu.linkonce.wi.*)
 .debug_info    0x00000000      0xbbc C:/Program Files (x86)/Atmel/Studio/7.0/Packs/atmel/ATmega_DFP/1.2.132/gcc/dev/atmega2560/avr6/crtatmega2560.o
 .debug_info    0x00000bbc      0x1d2 Definitions.o
 .debug_info    0x00000d8e      0xc8b lcd.o
 .debug_info    0x00001a19       0xe2 Magazine/EncoderBack.o
 .debug_info    0x00001afb       0xe3 Magazine/EncoderFront.o
 .debug_info    0x00001bde      0x56e Magazine/MzMotorBack.o
 .debug_info    0x0000214c      0x56e Magazine/MzMotorFront.o
 .debug_info    0x000026ba     0x1bfd main.o
 .debug_info    0x000042b7     0x1107 Motor/MotorBack.o
 .debug_info    0x000053be     0x101c Motor/MotorFront.o
 .debug_info    0x000063da     0x103a Motor/MotorSide.o
 .debug_info    0x00007414      0xa7f Motor/TMotor.o
 .debug_info    0x00007e93      0x58d PID.o
 .debug_info    0x00008420      0xb24 uart.o

.debug_abbrev   0x00000000     0x21ad
 *(.debug_abbrev)
 .debug_abbrev  0x00000000      0xb1a C:/Program Files (x86)/Atmel/Studio/7.0/Packs/atmel/ATmega_DFP/1.2.132/gcc/dev/atmega2560/avr6/crtatmega2560.o
 .debug_abbrev  0x00000b1a      0x119 Definitions.o
 .debug_abbrev  0x00000c33      0x2c6 lcd.o
 .debug_abbrev  0x00000ef9       0x9a Magazine/EncoderBack.o
 .debug_abbrev  0x00000f93       0x9c Magazine/EncoderFront.o
 .debug_abbrev  0x0000102f      0x181 Magazine/MzMotorBack.o
 .debug_abbrev  0x000011b0      0x181 Magazine/MzMotorFront.o
 .debug_abbrev  0x00001331      0x26d main.o
 .debug_abbrev  0x0000159e      0x22f Motor/MotorBack.o
 .debug_abbrev  0x000017cd      0x22f Motor/MotorFront.o
 .debug_abbrev  0x000019fc      0x22f Motor/MotorSide.o
 .debug_abbrev  0x00001c2b      0x1e7 Motor/TMotor.o
 .debug_abbrev  0x00001e12      0x195 PID.o
 .debug_abbrev  0x00001fa7      0x206 uart.o

.debug_line     0x00000000     0x3141
 *(.debug_line .debug_line.* .debug_line_end)
 .debug_line    0x00000000      0x1f9 C:/Program Files (x86)/Atmel/Studio/7.0/Packs/atmel/ATmega_DFP/1.2.132/gcc/dev/atmega2560/avr6/crtatmega2560.o
 .debug_line    0x000001f9      0x17d Definitions.o
 .debug_line    0x00000376      0x6a7 lcd.o
 .debug_line    0x00000a1d       0x8a Magazine/EncoderBack.o
 .debug_line    0x00000aa7       0x8c Magazine/EncoderFront.o
 .debug_line    0x00000b33      0x224 Magazine/MzMotorBack.o
 .debug_line    0x00000d57      0x227 Magazine/MzMotorFront.o
 .debug_line    0x00000f7e      0x64d main.o
 .debug_line    0x000015cb      0x521 Motor/MotorBack.o
 .debug_line    0x00001aec      0x4be Motor/MotorFront.o
 .debug_line    0x00001faa      0x52d Motor/MotorSide.o
 .debug_line    0x000024d7      0x417 Motor/TMotor.o
 .debug_line    0x000028ee      0x1cc PID.o
 .debug_line    0x00002aba      0x687 uart.o

.debug_frame    0x00000000      0xf44
 *(.debug_frame)
 .debug_frame   0x00000000       0x54 Definitions.o
 .debug_frame   0x00000054      0x1d0 lcd.o
 .debug_frame   0x00000224       0x24 Magazine/EncoderBack.o
 .debug_frame   0x00000248       0x24 Magazine/EncoderFront.o
 .debug_frame   0x0000026c       0xe4 Magazine/MzMotorBack.o
 .debug_frame   0x00000350       0xe4 Magazine/MzMotorFront.o
 .debug_frame   0x00000434      0x1ec main.o
 .debug_frame   0x00000620      0x164 Motor/MotorBack.o
 .debug_frame   0x00000784      0x144 Motor/MotorFront.o
 .debug_frame   0x000008c8      0x144 Motor/MotorSide.o
 .debug_frame   0x00000a0c       0xec Motor/TMotor.o
 .debug_frame   0x00000af8       0xf0 PID.o
 .debug_frame   0x00000be8      0x35c uart.o

.debug_str      0x00000000     0x1d89
 *(.debug_str)
 .debug_str     0x00000000      0x3e6 C:/Program Files (x86)/Atmel/Studio/7.0/Packs/atmel/ATmega_DFP/1.2.132/gcc/dev/atmega2560/avr6/crtatmega2560.o
 .debug_str     0x000003e6      0x27f Definitions.o
                                0x2b3 (size before relaxing)
 .debug_str     0x00000665      0x275 lcd.o
                                0x465 (size before relaxing)
 .debug_str     0x000008da       0x63 Magazine/EncoderBack.o
                                0x21a (size before relaxing)
 .debug_str     0x0000093d       0x4a Magazine/EncoderFront.o
                                0x21d (size before relaxing)
 .debug_str     0x00000987      0x220 Magazine/MzMotorBack.o
                                0x445 (size before relaxing)
 .debug_str     0x00000ba7      0x1a4 Magazine/MzMotorFront.o
                                0x457 (size before relaxing)
 .debug_str     0x00000d4b      0xc49 main.o
                               0x12db (size before relaxing)
 .debug_str     0x00001994       0x17 Motor/MotorBack.o
                                0x729 (size before relaxing)
 .debug_str     0x000019ab       0x18 Motor/MotorFront.o
                                0x745 (size before relaxing)
 .debug_str     0x000019c3       0x17 Motor/MotorSide.o
                                0x738 (size before relaxing)
 .debug_str     0x000019da       0x31 Motor/TMotor.o
                                0x7e2 (size before relaxing)
 .debug_str     0x00001a0b       0x31 PID.o
                                0x472 (size before relaxing)
 .debug_str     0x00001a3c      0x34d uart.o
                                0x68b (size before relaxing)

.debug_loc      0x00000000     0x3995
 *(.debug_loc)
 .debug_loc     0x00000000       0x26 Definitions.o
 .debug_loc     0x00000026      0xef5 lcd.o
 .debug_loc     0x00000f1b      0x1fd Magazine/MzMotorBack.o
 .debug_loc     0x00001118      0x1fd Magazine/MzMotorFront.o
 .debug_loc     0x00001315      0x445 main.o
 .debug_loc     0x0000175a      0x523 Motor/MotorBack.o
 .debug_loc     0x00001c7d      0x634 Motor/MotorFront.o
 .debug_loc     0x000022b1      0x4e6 Motor/MotorSide.o
 .debug_loc     0x00002797      0x380 Motor/TMotor.o
 .debug_loc     0x00002b17      0x245 PID.o
 .debug_loc     0x00002d5c      0xc39 uart.o

.debug_macinfo
 *(.debug_macinfo)

.debug_weaknames
 *(.debug_weaknames)

.debug_funcnames
 *(.debug_funcnames)

.debug_typenames
 *(.debug_typenames)

.debug_varnames
 *(.debug_varnames)

.debug_pubtypes
 *(.debug_pubtypes)

.debug_ranges   0x00000000      0x550
 *(.debug_ranges)
 .debug_ranges  0x00000000       0x28 Definitions.o
 .debug_ranges  0x00000028       0xa0 lcd.o
 .debug_ranges  0x000000c8       0x10 Magazine/EncoderBack.o
 .debug_ranges  0x000000d8       0x10 Magazine/EncoderFront.o
 .debug_ranges  0x000000e8       0x60 Magazine/MzMotorBack.o
 .debug_ranges  0x00000148       0x60 Magazine/MzMotorFront.o
 .debug_ranges  0x000001a8       0x80 main.o
 .debug_ranges  0x00000228       0x68 Motor/MotorBack.o
 .debug_ranges  0x00000290       0x68 Motor/MotorFront.o
 .debug_ranges  0x000002f8       0x68 Motor/MotorSide.o
 .debug_ranges  0x00000360       0x68 Motor/TMotor.o
 .debug_ranges  0x000003c8       0x48 PID.o
 .debug_ranges  0x00000410      0x140 uart.o

.debug_macro
 *(.debug_macro)
OUTPUT(DMTM New code.elf elf32-avr)
LOAD linker stubs
